Archive member included to satisfy reference by file (symbol)

C:/devkitPro/libnx/lib\libnx.a(switch_crt0.o)
                              (_start)
C:/devkitPro/libnx/lib\libnx.a(dynamic.o)
                              C:/devkitPro/libnx/lib\libnx.a(switch_crt0.o) (__nx_dynamic)
C:/devkitPro/libnx/lib\libnx.a(init.o)
                              C:/devkitPro/libnx/lib\libnx.a(switch_crt0.o) (__libnx_init)
C:/devkitPro/libnx/lib\libnx.a(env.o)
                              C:/devkitPro/libnx/lib\libnx.a(init.o) (envSetup)
C:/devkitPro/libnx/lib\libnx.a(newlib.o)
                              C:/devkitPro/libnx/lib\libnx.a(init.o) (__libnx_init_time)
C:/devkitPro/libnx/lib\libnx.a(diag.o)
                              C:/devkitPro/libnx/lib\libnx.a(dynamic.o) (diagAbortWithResult)
C:/devkitPro/libnx/lib\libnx.a(argv.o)
                              C:/devkitPro/libnx/lib\libnx.a(init.o) (argvSetup)
C:/devkitPro/libnx/lib\libnx.a(fs_dev.o)
                              C:/devkitPro/libnx/lib\libnx.a(init.o) (fsdevMountSdmc)
C:/devkitPro/libnx/lib\libnx.a(decode_utf8.o)
                              C:/devkitPro/libnx/lib\libnx.a(fs_dev.o) (decode_utf8)
C:/devkitPro/libnx/lib\libnx.a(svc.o)
                              C:/devkitPro/libnx/lib\libnx.a(init.o) (svcSetHeapSize)
C:/devkitPro/libnx/lib\libnx.a(exception.o)
                              C:/devkitPro/libnx/lib\libnx.a(switch_crt0.o) (__libnx_exception_entry)
C:/devkitPro/libnx/lib\libnx.a(readtp.o)
                              C:/devkitPro/libnx/lib\libnx.a(fs_dev.o) (__aarch64_read_tp)
C:/devkitPro/libnx/lib\libnx.a(mutex.o)
                              C:/devkitPro/libnx/lib\libnx.a(newlib.o) (mutexLock)
C:/devkitPro/libnx/lib\libnx.a(virtmem.o)
                              C:/devkitPro/libnx/lib\libnx.a(init.o) (virtmemSetup)
C:/devkitPro/libnx/lib\libnx.a(condvar.o)
                              C:/devkitPro/libnx/lib\libnx.a(newlib.o) (condvarWaitTimeout)
C:/devkitPro/libnx/lib\libnx.a(random.o)
                              C:/devkitPro/libnx/lib\libnx.a(virtmem.o) (randomGet64)
C:/devkitPro/libnx/lib\libnx.a(thread.o)
                              C:/devkitPro/libnx/lib\libnx.a(init.o) (__libnx_init_thread)
C:/devkitPro/libnx/lib\libnx.a(set.o)
                              C:/devkitPro/libnx/lib\libnx.a(init.o) (setsysInitialize)
C:/devkitPro/libnx/lib\libnx.a(sm.o)
                              C:/devkitPro/libnx/lib\libnx.a(env.o) (smAddOverrideHandle)
C:/devkitPro/libnx/lib\libnx.a(fs.o)
                              C:/devkitPro/libnx/lib\libnx.a(init.o) (fsInitialize)
C:/devkitPro/libnx/lib\libnx.a(applet.o)
                              C:/devkitPro/libnx/lib\libnx.a(init.o) (__nx_applet_type)
C:/devkitPro/libnx/lib\libnx.a(time.o)
                              C:/devkitPro/libnx/lib\libnx.a(init.o) (timeInitialize)
C:/devkitPro/libnx/lib\libnx.a(hid.o)
                              C:/devkitPro/libnx/lib\libnx.a(init.o) (hidInitialize)
C:/devkitPro/libnx/lib\libnx.a(hosversion.o)
                              C:/devkitPro/libnx/lib\libnx.a(init.o) (hosversionGet)
C:/devkitPro/libnx/lib\libnx.a(nxlink.o)
                              C:/devkitPro/libnx/lib\libnx.a(argv.o) (nxlinkSetup)
C:/devkitPro/libnx/lib\libnx.a(path_buf.o)
                              C:/devkitPro/libnx/lib\libnx.a(fs_dev.o) (__nx_dev_path_buf)
C:/devkitPro/libnx/lib\libnx.a(shmem.o)
                              C:/devkitPro/libnx/lib\libnx.a(time.o) (shmemLoadRemote)
C:/devkitPro/libnx/lib\libnx.a(wait.o)
                              C:/devkitPro/libnx/lib\libnx.a(applet.o) (waitObjects)
C:/devkitPro/libnx/lib\libnx.a(rwlock.o)
                              C:/devkitPro/libnx/lib\libnx.a(hid.o) (rwlockReadLock)
C:/devkitPro/libnx/lib\libnx.a(tmem.o)
                              C:/devkitPro/libnx/lib\libnx.a(applet.o) (tmemCreate)
C:/devkitPro/libnx/lib\libnx.a(event.o)
                              C:/devkitPro/libnx/lib\libnx.a(set.o) (eventLoadRemote)
C:/devkitPro/libnx/lib\libnx.a(sessionmgr.o)
                              C:/devkitPro/libnx/lib\libnx.a(fs.o) (sessionmgrCreate)
C:/devkitPro/libnx/lib\libnx.a(apm.o)
                              C:/devkitPro/libnx/lib\libnx.a(applet.o) (apmInitialize)
c:/devkitpro/devkita64/bin/../lib/gcc/aarch64-none-elf/10.2.0/../../../../aarch64-none-elf/lib/pic\libg.a(lib_a-bsearch.o)
                              C:/devkitPro/libnx/lib\libnx.a(fs_dev.o) (bsearch)
c:/devkitpro/devkita64/bin/../lib/gcc/aarch64-none-elf/10.2.0/../../../../aarch64-none-elf/lib/pic\libg.a(lib_a-ctype_.o)
                              C:/devkitPro/libnx/lib\libnx.a(argv.o) (_ctype_)
c:/devkitpro/devkita64/bin/../lib/gcc/aarch64-none-elf/10.2.0/../../../../aarch64-none-elf/lib/pic\libg.a(lib_a-errno.o)
                              C:/devkitPro/libnx/lib\libnx.a(newlib.o) (__errno)
c:/devkitpro/devkita64/bin/../lib/gcc/aarch64-none-elf/10.2.0/../../../../aarch64-none-elf/lib/pic\libg.a(lib_a-exit.o)
[...]
Memory Configuration

Name             Origin             Length             Attributes
*default*        0x0000000000000000 0xffffffffffffffff

Linker script and memory map

                0x0000000000000000                PROVIDE (__start__ = 0x0)
                0x0000000000000000                . = __start__
                0x0000000000000000                __code_start = .

.crt0           0x0000000000000000      0x140
 *(.crt0)
 .crt0          0x0000000000000000      0x140 C:/devkitPro/libnx/lib\libnx.a(switch_crt0.o)
                0x0000000000000000                _start
                0x0000000000000108                __nx_exit
                0x0000000000000118                __nx_mod0
                0x0000000000000140                . = ALIGN (0x8)

.init           0x0000000000000140       0x38
 *(.init)
 .init          0x0000000000000140       0x18 c:/devkitpro/devkita64/bin/../lib/gcc/aarch64-none-elf/10.2.0/pic/crti.o
                0x0000000000000140                _init
 .init          0x0000000000000158       0x1c c:/devkitpro/devkita64/bin/../lib/gcc/aarch64-none-elf/10.2.0/pic/crtn.o
                0x0000000000000178                . = ALIGN (0x8)
 *fill*         0x0000000000000174        0x4 

.plt            0x0000000000000178       0x30
 *(.plt)
 .plt           0x0000000000000178       0x30 c:/devkitpro/devkita64/bin/../lib/gcc/aarch64-none-elf/10.2.0/pic/crti.o
 *(.iplt)
                0x00000000000001a8                . = ALIGN (0x8)

.text           0x00000000000001c0     0xd8c0
 *(.text.unlikely .text.*_unlikely .text.unlikely.*)
 *(.text.exit .text.exit.*)
 .text.exit     0x00000000000001c0       0x38 c:/devkitpro/devkita64/bin/../lib/gcc/aarch64-none-elf/10.2.0/../../../../aarch64-none-elf/lib/pic\libg.a(lib_a-exit.o)
                0x00000000000001c0                exit
 *(.text.startup .text.startup.*)
 *(.text.hot .text.hot.*)
 *(.text .stub .text.* .gnu.linkonce.t.*)
 *fill*         0x00000000000001f8        0x8 
 .text.__do_global_dtors_aux
                0x0000000000000200       0x44 c:/devkitpro/devkita64/bin/../lib/gcc/aarch64-none-elf/10.2.0/pic/crtbegin.o
 *fill*         0x0000000000000244        0xc 
 .text.frame_dummy
                0x0000000000000250       0x24 c:/devkitpro/devkita64/bin/../lib/gcc/aarch64-none-elf/10.2.0/pic/crtbegin.o
 *fill*         0x0000000000000274        0xc 
 .text.__nx_dynamic
                0x0000000000000280       0xa0 C:/devkitPro/libnx/lib\libnx.a(dynamic.o)
                0x0000000000000280                __nx_dynamic
 .text.__libnx_initheap
                0x0000000000000320       0xd8 C:/devkitPro/libnx/lib\libnx.a(init.o)
                0x0000000000000320                __libnx_initheap
 *fill*         0x00000000000003f8        0x8 
 .text.__appInit
                0x0000000000000400       0xec C:/devkitPro/libnx/lib\libnx.a(init.o)
                0x0000000000000400                __appInit
 *fill*         0x00000000000004ec        0x4 
 .text.__appExit
                0x00000000000004f0       0x44 C:/devkitPro/libnx/lib\libnx.a(init.o)
                0x00000000000004f0                __appExit
 *fill*         0x0000000000000534        0xc 
 .text.__libnx_init
                0x0000000000000540       0x2c C:/devkitPro/libnx/lib\libnx.a(init.o)
                0x0000000000000540                __libnx_init
 *fill*         0x000000000000056c        0x4 
 .text.__libnx_exit
                0x0000000000000570       0x20 C:/devkitPro/libnx/lib\libnx.a(init.o)
                0x0000000000000570                __libnx_exit
 .text.envSetup
                0x0000000000000590      0x224 C:/devkitPro/libnx/lib\libnx.a(env.o)
                0x0000000000000590                envSetup
 *fill*         0x00000000000007b4        0xc 
 .text.envGetMainThreadHandle
                0x00000000000007c0       0x20 C:/devkitPro/libnx/lib\libnx.a(env.o)
                0x00000000000007c0                envGetMainThreadHandle
 .text.envIsNso
                0x00000000000007e0        0xc C:/devkitPro/libnx/lib\libnx.a(env.o)
                0x00000000000007e0                envIsNso
 *fill*         0x00000000000007ec        0x4 
 .text.envHasHeapOverride
                0x00000000000007f0       0x14 C:/devkitPro/libnx/lib\libnx.a(env.o)
                0x00000000000007f0                envHasHeapOverride
 *fill*         0x0000000000000804        0xc 
 .text.envGetHeapOverrideAddr
                0x0000000000000810        0xc C:/devkitPro/libnx/lib\libnx.a(env.o)
                0x0000000000000810                envGetHeapOverrideAddr
 *fill*         0x000000000000081c        0x4 
 .text.envGetHeapOverrideSize
                0x0000000000000820        0xc C:/devkitPro/libnx/lib\libnx.a(env.o)
                0x0000000000000820                envGetHeapOverrideSize
 *fill*         0x000000000000082c        0x4 
 .text.envHasArgv
                0x0000000000000830       0x14 C:/devkitPro/libnx/lib\libnx.a(env.o)
                0x0000000000000830                envHasArgv
 *fill*         0x0000000000000844        0xc 
 .text.envGetArgv
                0x0000000000000850        0xc C:/devkitPro/libnx/lib\libnx.a(env.o)
                0x0000000000000850                envGetArgv
 *fill*         0x000000000000085c        0x4 
 .text.envGetExitFuncPtr
                0x0000000000000860        0xc C:/devkitPro/libnx/lib\libnx.a(env.o)
                0x0000000000000860                envGetExitFuncPtr
 *fill*         0x000000000000086c        0x4 
 .text.envSetExitFuncPtr
                0x0000000000000870        0xc C:/devkitPro/libnx/lib\libnx.a(env.o)
                0x0000000000000870                envSetExitFuncPtr
 *fill*         0x000000000000087c        0x4 
 .text.envHasRandomSeed
                0x0000000000000880        0xc C:/devkitPro/libnx/lib\libnx.a(env.o)
                0x0000000000000880                envHasRandomSeed
 *fill*         0x000000000000088c        0x4 
 .text.envGetRandomSeed
                0x0000000000000890       0x18 C:/devkitPro/libnx/lib\libnx.a(env.o)
                0x0000000000000890                envGetRandomSeed
 *fill*         0x00000000000008a8        0x8 
 .text.__syscall_exit
                0x00000000000008b0       0x1c C:/devkitPro/libnx/lib\libnx.a(newlib.o)
                0x00000000000008b0                __syscall_exit
 *fill*         0x00000000000008cc        0x4 
 .text.__syscall_getreent
                0x00000000000008d0       0x34 C:/devkitPro/libnx/lib\libnx.a(newlib.o)
                0x00000000000008d0                __syscall_getreent
 *fill*         0x0000000000000904        0xc 
 .text.__syscall_lock_acquire_recursive
                0x0000000000000910        0x4 C:/devkitPro/libnx/lib\libnx.a(newlib.o)
                0x0000000000000910                __syscall_lock_acquire_recursive
 *fill*         0x0000000000000914        0xc 
 .text.__syscall_lock_release_recursive
                0x0000000000000920        0x4 C:/devkitPro/libnx/lib\libnx.a(newlib.o)
                0x0000000000000920                __syscall_lock_release_recursive
 *fill*         0x0000000000000924        0xc 
 .text.__libnx_init_time
                0x0000000000000930      0x228 C:/devkitPro/libnx/lib\libnx.a(newlib.o)
                0x0000000000000930                __libnx_init_time
 *fill*         0x0000000000000b58        0x8 
 .text.newlibSetup
                0x0000000000000b60       0x84 C:/devkitPro/libnx/lib\libnx.a(newlib.o)
                0x0000000000000b60                newlibSetup
 *fill*         0x0000000000000be4        0xc 
 .text.diagAbortWithResult
                0x0000000000000bf0       0x1c C:/devkitPro/libnx/lib\libnx.a(diag.o)
                0x0000000000000bf0                diagAbortWithResult
 *fill*         0x0000000000000c0c        0x4 
 .text.argvSetup
                0x0000000000000c10      0x324 C:/devkitPro/libnx/lib\libnx.a(argv.o)
                0x0000000000000c10                argvSetup
 *fill*         0x0000000000000f34        0xc 
 .text.fsdev_link
                0x0000000000000f40       0x14 C:/devkitPro/libnx/lib\libnx.a(fs_dev.o)
 *fill*         0x0000000000000f54        0xc 
 .text.fsdev_dirreset
                0x0000000000000f60       0x14 C:/devkitPro/libnx/lib\libnx.a(fs_dev.o)
 *fill*         0x0000000000000f74        0xc 
 .text.fsdev_chmod
                0x0000000000000f80       0x14 C:/devkitPro/libnx/lib\libnx.a(fs_dev.o)
 *fill*         0x0000000000000f94        0xc 
 .text.error_cmp
                0x0000000000000fa0       0x18 C:/devkitPro/libnx/lib\libnx.a(fs_dev.o)
 *fill*         0x0000000000000fb8        0x8 
 .text.fsdev_dirclose
                0x0000000000000fc0       0x20 C:/devkitPro/libnx/lib\libnx.a(fs_dev.o)
 .text.fsdev_close
                0x0000000000000fe0       0x1c C:/devkitPro/libnx/lib\libnx.a(fs_dev.o)
 *fill*         0x0000000000000ffc        0x4 
 .text.fsdev_converttimetoutc
                0x0000000000001000       0x80 C:/devkitPro/libnx/lib\libnx.a(fs_dev.o)
 .text.fsdevFindDevice.part.0
                0x0000000000001080       0xb8 C:/devkitPro/libnx/lib\libnx.a(fs_dev.o)
 *fill*         0x0000000000001138        0x8 
 .text.fsdev_fixpath
                0x0000000000001140      0x1e0 C:/devkitPro/libnx/lib\libnx.a(fs_dev.o)
 .text._fsdevUnmountDeviceStruct.part.0
                0x0000000000001320       0xa0 C:/devkitPro/libnx/lib\libnx.a(fs_dev.o)
 .text.fsdev_fchmod
                0x00000000000013c0       0x14 C:/devkitPro/libnx/lib\libnx.a(fs_dev.o)
 *fill*         0x00000000000013d4        0xc 
 .text.fsdev_diropen
                0x00000000000013e0      0x108 C:/devkitPro/libnx/lib\libnx.a(fs_dev.o)
 *fill*         0x00000000000014e8        0x8 
 .text.fsdev_fsync
                0x00000000000014f0       0x7c C:/devkitPro/libnx/lib\libnx.a(fs_dev.o)
 *fill*         0x000000000000156c        0x4 
 .text.fsdev_fstat
                0x0000000000001570      0x110 C:/devkitPro/libnx/lib\libnx.a(fs_dev.o)
 .text.fsdev_ftruncate
                0x0000000000001680       0x94 C:/devkitPro/libnx/lib\libnx.a(fs_dev.o)
 *fill*         0x0000000000001714        0xc 
 .text.fsdev_stat
                0x0000000000001720      0x20c C:/devkitPro/libnx/lib\libnx.a(fs_dev.o)
 *fill*         0x000000000000192c        0x4 
 .text.fsdev_rename
                0x0000000000001930      0x158 C:/devkitPro/libnx/lib\libnx.a(fs_dev.o)
 *fill*         0x0000000000001a88        0x8 
 .text.fsdev_chdir
                0x0000000000001a90      0x14c C:/devkitPro/libnx/lib\libnx.a(fs_dev.o)
 *fill*         0x0000000000001bdc        0x4 
 .text.fsdev_mkdir
                0x0000000000001be0       0xac C:/devkitPro/libnx/lib\libnx.a(fs_dev.o)
 *fill*         0x0000000000001c8c        0x4 
 .text.fsdev_rmdir
                0x0000000000001c90       0xac C:/devkitPro/libnx/lib\libnx.a(fs_dev.o)
 *fill*         0x0000000000001d3c        0x4 
 .text.fsdev_unlink
                0x0000000000001d40       0xac C:/devkitPro/libnx/lib\libnx.a(fs_dev.o)
 *fill*         0x0000000000001dec        0x4 
 .text.fsdev_statvfs
                0x0000000000001df0      0x104 C:/devkitPro/libnx/lib\libnx.a(fs_dev.o)
 *fill*         0x0000000000001ef4        0xc 
 .text.fsdev_write_safe
                0x0000000000001f00      0x13c C:/devkitPro/libnx/lib\libnx.a(fs_dev.o)
 *fill*         0x000000000000203c        0x4 
 .text.fsdev_read_safe
                0x0000000000002040      0x13c C:/devkitPro/libnx/lib\libnx.a(fs_dev.o)
 *fill*         0x000000000000217c        0x4 
 .text.fsdev_read
                0x0000000000002180      0x104 C:/devkitPro/libnx/lib\libnx.a(fs_dev.o)
 *fill*         0x0000000000002284        0xc 
 .text.fsdev_dirnext
                0x0000000000002290      0x1bc C:/devkitPro/libnx/lib\libnx.a(fs_dev.o)
 *fill*         0x000000000000244c        0x4 
 .text.fsdev_write
                0x0000000000002450      0x124 C:/devkitPro/libnx/lib\libnx.a(fs_dev.o)
 *fill*         0x0000000000002574        0xc 
 .text.fsdev_seek
                0x0000000000002580       0xe4 C:/devkitPro/libnx/lib\libnx.a(fs_dev.o)
 *fill*         0x0000000000002664        0xc 
 .text.fsdev_open
                0x0000000000002670      0x244 C:/devkitPro/libnx/lib\libnx.a(fs_dev.o)
 *fill*         0x00000000000028b4        0xc 
 .text.fsdevMountDevice
                0x00000000000028c0      0x218 C:/devkitPro/libnx/lib\libnx.a(fs_dev.o)
                0x00000000000028c0                fsdevMountDevice
 *fill*         0x0000000000002ad8        0x8 
 .text.fsdevMountSdmc
                0x0000000000002ae0       0x48 C:/devkitPro/libnx/lib\libnx.a(fs_dev.o)
                0x0000000000002ae0                fsdevMountSdmc
 *fill*         0x0000000000002b28        0x8 
 .text.__libnx_init_cwd
                0x0000000000002b30       0xcc C:/devkitPro/libnx/lib\libnx.a(fs_dev.o)
                0x0000000000002b30                __libnx_init_cwd
 *fill*         0x0000000000002bfc        0x4 
 .text.fsdevUnmountAll
                0x0000000000002c00       0x64 C:/devkitPro/libnx/lib\libnx.a(fs_dev.o)
                0x0000000000002c00                fsdevUnmountAll
 *fill*         0x0000000000002c64        0xc 
 .text.decode_utf8
                0x0000000000002c70      0x12c C:/devkitPro/libnx/lib\libnx.a(decode_utf8.o)
                0x0000000000002c70                decode_utf8
 .text.svcSetHeapSize
                0x0000000000002d9c       0x14 C:/devkitPro/libnx/lib\libnx.a(svc.o)
                0x0000000000002d9c                svcSetHeapSize
 .text.svcUnmapMemory
                0x0000000000002db0        0x8 C:/devkitPro/libnx/lib\libnx.a(svc.o)
                0x0000000000002db0                svcUnmapMemory
 .text.svcQueryMemory
                0x0000000000002db8       0x14 C:/devkitPro/libnx/lib\libnx.a(svc.o)
                0x0000000000002db8                svcQueryMemory
 .text.svcExitProcess
                0x0000000000002dcc        0x8 C:/devkitPro/libnx/lib\libnx.a(svc.o)
                0x0000000000002dcc                svcExitProcess
 .text.svcSleepThread
                0x0000000000002dd4        0x8 C:/devkitPro/libnx/lib\libnx.a(svc.o)
                0x0000000000002dd4                svcSleepThread
 .text.svcMapSharedMemory
                0x0000000000002ddc        0x8 C:/devkitPro/libnx/lib\libnx.a(svc.o)
                0x0000000000002ddc                svcMapSharedMemory
 .text.svcUnmapSharedMemory
                0x0000000000002de4        0x8 C:/devkitPro/libnx/lib\libnx.a(svc.o)
                0x0000000000002de4                svcUnmapSharedMemory
 .text.svcCloseHandle
                0x0000000000002dec        0x8 C:/devkitPro/libnx/lib\libnx.a(svc.o)
                0x0000000000002dec                svcCloseHandle
 .text.svcResetSignal
                0x0000000000002df4        0x8 C:/devkitPro/libnx/lib\libnx.a(svc.o)
                0x0000000000002df4                svcResetSignal
 .text.svcWaitSynchronization
                0x0000000000002dfc       0x14 C:/devkitPro/libnx/lib\libnx.a(svc.o)
                0x0000000000002dfc                svcWaitSynchronization
 .text.svcArbitrateLock
                0x0000000000002e10        0x8 C:/devkitPro/libnx/lib\libnx.a(svc.o)
                0x0000000000002e10                svcArbitrateLock
 .text.svcArbitrateUnlock
                0x0000000000002e18        0x8 C:/devkitPro/libnx/lib\libnx.a(svc.o)
                0x0000000000002e18                svcArbitrateUnlock
 .text.svcWaitProcessWideKeyAtomic
                0x0000000000002e20        0x8 C:/devkitPro/libnx/lib\libnx.a(svc.o)
                0x0000000000002e20                svcWaitProcessWideKeyAtomic
 .text.svcSignalProcessWideKey
                0x0000000000002e28        0x8 C:/devkitPro/libnx/lib\libnx.a(svc.o)
                0x0000000000002e28                svcSignalProcessWideKey
 .text.svcConnectToNamedPort
                0x0000000000002e30       0x14 C:/devkitPro/libnx/lib\libnx.a(svc.o)
                0x0000000000002e30                svcConnectToNamedPort
 .text.svcSendSyncRequest
                0x0000000000002e44        0x8 C:/devkitPro/libnx/lib\libnx.a(svc.o)
                0x0000000000002e44                svcSendSyncRequest
 .text.svcBreak
                0x0000000000002e4c        0x8 C:/devkitPro/libnx/lib\libnx.a(svc.o)
                0x0000000000002e4c                svcBreak
 .text.svcReturnFromException
                0x0000000000002e54        0x8 C:/devkitPro/libnx/lib\libnx.a(svc.o)
                0x0000000000002e54                svcReturnFromException
 .text.svcGetInfo
                0x0000000000002e5c       0x14 C:/devkitPro/libnx/lib\libnx.a(svc.o)
                0x0000000000002e5c                svcGetInfo
 .text.svcUnmapTransferMemory
                0x0000000000002e70        0x8 C:/devkitPro/libnx/lib\libnx.a(svc.o)
                0x0000000000002e70                svcUnmapTransferMemory
 .text.__libnx_exception_entry
                0x0000000000002e78      0x1c0 C:/devkitPro/libnx/lib\libnx.a(exception.o)
                0x0000000000002e78                __libnx_exception_entry
 .text.__libnx_exception_returnentry
                0x0000000000003038       0x18 C:/devkitPro/libnx/lib\libnx.a(exception.o)
                0x0000000000003038                __libnx_exception_returnentry
 .text.__aarch64_read_tp
                0x0000000000003050        0xc C:/devkitPro/libnx/lib\libnx.a(readtp.o)
                0x0000000000003050                __aarch64_read_tp
 *fill*         0x000000000000305c        0x4 
 .text.mutexLock
                0x0000000000003060       0x80 C:/devkitPro/libnx/lib\libnx.a(mutex.o)
                0x0000000000003060                mutexLock
 .text.mutexUnlock
                0x00000000000030e0       0x68 C:/devkitPro/libnx/lib\libnx.a(mutex.o)
                0x00000000000030e0                mutexUnlock
 *fill*         0x0000000000003148        0x8 
 .text.mutexIsLockedByCurrentThread
                0x0000000000003150       0x1c C:/devkitPro/libnx/lib\libnx.a(mutex.o)
                0x0000000000003150                mutexIsLockedByCurrentThread
 *fill*         0x000000000000316c        0x4 
 .text.rmutexLock
                0x0000000000003170       0x4c C:/devkitPro/libnx/lib\libnx.a(mutex.o)
                0x0000000000003170                rmutexLock
 *fill*         0x00000000000031bc        0x4 
 .text.rmutexUnlock
                0x00000000000031c0       0x1c C:/devkitPro/libnx/lib\libnx.a(mutex.o)
                0x00000000000031c0                rmutexUnlock
 *fill*         0x00000000000031dc        0x4 
 .text._memregionInitWithInfo
                0x00000000000031e0       0x64 C:/devkitPro/libnx/lib\libnx.a(virtmem.o)
 *fill*         0x0000000000003244        0xc 
 .text._memregionFindRandom
                0x0000000000003250      0x178 C:/devkitPro/libnx/lib\libnx.a(virtmem.o)
 *fill*         0x00000000000033c8        0x8 
 .text.virtmemSetup
                0x00000000000033d0      0x120 C:/devkitPro/libnx/lib\libnx.a(virtmem.o)
                0x00000000000033d0                virtmemSetup
 .text.virtmemLock
                0x00000000000034f0        0xc C:/devkitPro/libnx/lib\libnx.a(virtmem.o)
                0x00000000000034f0                virtmemLock
 *fill*         0x00000000000034fc        0x4 
 .text.virtmemUnlock
                0x0000000000003500        0xc C:/devkitPro/libnx/lib\libnx.a(virtmem.o)
                0x0000000000003500                virtmemUnlock
 *fill*         0x000000000000350c        0x4 
 .text.virtmemFindAslr
                0x0000000000003510       0x54 C:/devkitPro/libnx/lib\libnx.a(virtmem.o)
                0x0000000000003510                virtmemFindAslr
 *fill*         0x0000000000003564        0xc 
 .text.condvarWaitTimeout
                0x0000000000003570       0x64 C:/devkitPro/libnx/lib\libnx.a(condvar.o)
                0x0000000000003570                condvarWaitTimeout
 *fill*         0x00000000000035d4        0xc 
 .text.randomGet
                0x00000000000035e0      0x424 C:/devkitPro/libnx/lib\libnx.a(random.o)
                0x00000000000035e0                randomGet
 *fill*         0x0000000000003a04        0xc 
 .text.randomGet64
                0x0000000000003a10       0x20 C:/devkitPro/libnx/lib\libnx.a(random.o)
                0x0000000000003a10                randomGet64
 .text.__libnx_init_thread
                0x0000000000003a30       0xac C:/devkitPro/libnx/lib\libnx.a(thread.o)
                0x0000000000003a30                __libnx_init_thread
 *fill*         0x0000000000003adc        0x4 
 .text._setsysGetFirmwareVersionImpl
                0x0000000000003ae0       0xd4 C:/devkitPro/libnx/lib\libnx.a(set.o)
 *fill*         0x0000000000003bb4        0xc 
 .text._setsysCleanup
                0x0000000000003bc0       0x68 C:/devkitPro/libnx/lib\libnx.a(set.o)
 *fill*         0x0000000000003c28        0x8 
 .text.setsysInitialize
                0x0000000000003c30       0xa0 C:/devkitPro/libnx/lib\libnx.a(set.o)
                0x0000000000003c30                setsysInitialize
 .text.setsysExit
                0x0000000000003cd0       0x44 C:/devkitPro/libnx/lib\libnx.a(set.o)
                0x0000000000003cd0                setsysExit
 *fill*         0x0000000000003d14        0xc 
 .text.setsysGetFirmwareVersion
                0x0000000000003d20       0x44 C:/devkitPro/libnx/lib\libnx.a(set.o)
                0x0000000000003d20                setsysGetFirmwareVersion
 *fill*         0x0000000000003d64        0xc 
 .text._smCmdInPid
                0x0000000000003d70       0xd0 C:/devkitPro/libnx/lib\libnx.a(sm.o)
 .text._smCleanup
                0x0000000000003e40       0x68 C:/devkitPro/libnx/lib\libnx.a(sm.o)
 *fill*         0x0000000000003ea8        0x8 
 .text.smAddOverrideHandle
                0x0000000000003eb0       0x48 C:/devkitPro/libnx/lib\libnx.a(sm.o)
                0x0000000000003eb0                smAddOverrideHandle
 *fill*         0x0000000000003ef8        0x8 
 .text.smGetServiceOverride
                0x0000000000003f00       0x54 C:/devkitPro/libnx/lib\libnx.a(sm.o)
                0x0000000000003f00                smGetServiceOverride
 *fill*         0x0000000000003f54        0xc 
 .text.smExit   0x0000000000003f60       0x44 C:/devkitPro/libnx/lib\libnx.a(sm.o)
                0x0000000000003f60                smExit
 *fill*         0x0000000000003fa4        0xc 
 .text.smGetServiceOriginal
                0x0000000000003fb0       0xd0 C:/devkitPro/libnx/lib\libnx.a(sm.o)
                0x0000000000003fb0                smGetServiceOriginal
 .text.smInitialize
                0x0000000000004080      0x1e0 C:/devkitPro/libnx/lib\libnx.a(sm.o)
                0x0000000000004080                smInitialize
 .text.smGetServiceWrapper
                0x0000000000004260      0x120 C:/devkitPro/libnx/lib\libnx.a(sm.o)
                0x0000000000004260                smGetServiceWrapper
 .text._fsCleanup
                0x0000000000004380       0xb4 C:/devkitPro/libnx/lib\libnx.a(fs.o)
 *fill*         0x0000000000004434        0xc 
 .text._fsCmdNoIO
                0x0000000000004440      0x1b0 C:/devkitPro/libnx/lib\libnx.a(fs.o)
 .text._fsFsCmdWithInPath
                0x00000000000045f0      0x1d8 C:/devkitPro/libnx/lib\libnx.a(fs.o)
 *fill*         0x00000000000047c8        0x8 
 .text._fsFsCmdWithTwoInPaths
                0x00000000000047d0      0x1fc C:/devkitPro/libnx/lib\libnx.a(fs.o)
 *fill*         0x00000000000049cc        0x4 
 .text._fsFsOpenCommon
                0x00000000000049d0      0x230 C:/devkitPro/libnx/lib\libnx.a(fs.o)
 .text._fsFsCmdWithInPathAndOutU64
                0x0000000000004c00      0x1f4 C:/devkitPro/libnx/lib\libnx.a(fs.o)
 *fill*         0x0000000000004df4        0xc 
 .text._fsObjectClose
                0x0000000000004e00       0xf4 C:/devkitPro/libnx/lib\libnx.a(fs.o)
 *fill*         0x0000000000004ef4        0xc 
 .text._fsCmdGetSession.constprop.0
                0x0000000000004f00      0x170 C:/devkitPro/libnx/lib\libnx.a(fs.o)
 .text.fsInitialize
                0x0000000000005070      0x314 C:/devkitPro/libnx/lib\libnx.a(fs.o)
                0x0000000000005070                fsInitialize
 *fill*         0x0000000000005384        0xc 
 .text.fsExit   0x0000000000005390       0x44 C:/devkitPro/libnx/lib\libnx.a(fs.o)
                0x0000000000005390                fsExit
 *fill*         0x00000000000053d4        0xc 
 .text.fsOpenSdCardFileSystem
                0x00000000000053e0        0x8 C:/devkitPro/libnx/lib\libnx.a(fs.o)
                0x00000000000053e0                fsOpenSdCardFileSystem
 *fill*         0x00000000000053e8        0x8 
 .text.fsFsCreateFile
                0x00000000000053f0      0x1e8 C:/devkitPro/libnx/lib\libnx.a(fs.o)
                0x00000000000053f0                fsFsCreateFile
 *fill*         0x00000000000055d8        0x8 
 .text.fsFsDeleteFile
                0x00000000000055e0        0x8 C:/devkitPro/libnx/lib\libnx.a(fs.o)
                0x00000000000055e0                fsFsDeleteFile
 *fill*         0x00000000000055e8        0x8 
 .text.fsFsCreateDirectory
                0x00000000000055f0        0x8 C:/devkitPro/libnx/lib\libnx.a(fs.o)
                0x00000000000055f0                fsFsCreateDirectory
 *fill*         0x00000000000055f8        0x8 
 .text.fsFsDeleteDirectory
                0x0000000000005600        0x8 C:/devkitPro/libnx/lib\libnx.a(fs.o)
                0x0000000000005600                fsFsDeleteDirectory
 *fill*         0x0000000000005608        0x8 
 .text.fsFsRenameFile
                0x0000000000005610        0x8 C:/devkitPro/libnx/lib\libnx.a(fs.o)
                0x0000000000005610                fsFsRenameFile
 *fill*         0x0000000000005618        0x8 
 .text.fsFsRenameDirectory
                0x0000000000005620        0x8 C:/devkitPro/libnx/lib\libnx.a(fs.o)
                0x0000000000005620                fsFsRenameDirectory
 *fill*         0x0000000000005628        0x8 
 .text.fsFsGetEntryType
                0x0000000000005630      0x1ec C:/devkitPro/libnx/lib\libnx.a(fs.o)
                0x0000000000005630                fsFsGetEntryType
 *fill*         0x000000000000581c        0x4 
 .text.fsFsOpenFile
                0x0000000000005820        0x8 C:/devkitPro/libnx/lib\libnx.a(fs.o)
                0x0000000000005820                fsFsOpenFile
 *fill*         0x0000000000005828        0x8 
 .text.fsFsOpenDirectory
                0x0000000000005830        0x8 C:/devkitPro/libnx/lib\libnx.a(fs.o)
                0x0000000000005830                fsFsOpenDirectory
 *fill*         0x0000000000005838        0x8 
 .text.fsFsGetFreeSpace
                0x0000000000005840        0x8 C:/devkitPro/libnx/lib\libnx.a(fs.o)
                0x0000000000005840                fsFsGetFreeSpace
 *fill*         0x0000000000005848        0x8 
 .text.fsFsGetTotalSpace
                0x0000000000005850        0x8 C:/devkitPro/libnx/lib\libnx.a(fs.o)
                0x0000000000005850                fsFsGetTotalSpace
 *fill*         0x0000000000005858        0x8 
 .text.fsFsGetFileTimeStampRaw
                0x0000000000005860      0x234 C:/devkitPro/libnx/lib\libnx.a(fs.o)
                0x0000000000005860                fsFsGetFileTimeStampRaw
 *fill*         0x0000000000005a94        0xc 
 .text.fsFsClose
                0x0000000000005aa0        0x4 C:/devkitPro/libnx/lib\libnx.a(fs.o)
                0x0000000000005aa0                fsFsClose
 *fill*         0x0000000000005aa4        0xc 
 .text.fsFileRead
                0x0000000000005ab0      0x21c C:/devkitPro/libnx/lib\libnx.a(fs.o)
                0x0000000000005ab0                fsFileRead
 *fill*         0x0000000000005ccc        0x4 
 .text.fsFileWrite
                0x0000000000005cd0      0x20c C:/devkitPro/libnx/lib\libnx.a(fs.o)
                0x0000000000005cd0                fsFileWrite
 *fill*         0x0000000000005edc        0x4 
 .text.fsFileFlush
                0x0000000000005ee0        0x8 C:/devkitPro/libnx/lib\libnx.a(fs.o)
                0x0000000000005ee0                fsFileFlush
 *fill*         0x0000000000005ee8        0x8 
 .text.fsFileSetSize
                0x0000000000005ef0      0x1b4 C:/devkitPro/libnx/lib\libnx.a(fs.o)
                0x0000000000005ef0                fsFileSetSize
 *fill*         0x00000000000060a4        0xc 
 .text.fsFileGetSize
                0x00000000000060b0      0x1c4 C:/devkitPro/libnx/lib\libnx.a(fs.o)
                0x00000000000060b0                fsFileGetSize
 *fill*         0x0000000000006274        0xc 
 .text.fsFileClose
                0x0000000000006280        0x4 C:/devkitPro/libnx/lib\libnx.a(fs.o)
                0x0000000000006280                fsFileClose
 *fill*         0x0000000000006284        0xc 
 .text.fsDirClose
                0x0000000000006290        0x4 C:/devkitPro/libnx/lib\libnx.a(fs.o)
                0x0000000000006290                fsDirClose
 *fill*         0x0000000000006294        0xc 
 .text.fsDirRead
                0x00000000000062a0      0x204 C:/devkitPro/libnx/lib\libnx.a(fs.o)
                0x00000000000062a0                fsDirRead
 *fill*         0x00000000000064a4        0xc 
 .text._appletInfiniteSleepLoop
                0x00000000000064b0       0x24 C:/devkitPro/libnx/lib\libnx.a(applet.o)
 *fill*         0x00000000000064d4        0xc 
 .text._appletCmdGetSession
                0x00000000000064e0       0xf0 C:/devkitPro/libnx/lib\libnx.a(applet.o)
 .text._appletCmdInU8NoOut
                0x00000000000065d0       0xcc C:/devkitPro/libnx/lib\libnx.a(applet.o)
 *fill*         0x000000000000669c        0x4 
 .text._appletGetLaunchReason
                0x00000000000066a0      0x110 C:/devkitPro/libnx/lib\libnx.a(applet.o)
 .text._appletSetFocusHandlingMode
                0x00000000000067b0       0xe4 C:/devkitPro/libnx/lib\libnx.a(applet.o)
 *fill*         0x0000000000006894        0xc 
 .text._appletCmdInU32NoOut
                0x00000000000068a0       0xcc C:/devkitPro/libnx/lib\libnx.a(applet.o)
 *fill*         0x000000000000696c        0x4 
 .text._appletGetSessionProxy.constprop.0
                0x0000000000006970      0x118 C:/devkitPro/libnx/lib\libnx.a(applet.o)
 *fill*         0x0000000000006a88        0x8 
 .text._appletOpenLibraryAppletProxy.constprop.0
                0x0000000000006a90      0x134 C:/devkitPro/libnx/lib\libnx.a(applet.o)
 *fill*         0x0000000000006bc4        0xc 
 .text._appletCmdGetHandle.constprop.0.isra.0
                0x0000000000006bd0       0xd0 C:/devkitPro/libnx/lib\libnx.a(applet.o)
 .text._appletCmdNoInOutU8.isra.0
                0x0000000000006ca0       0xd4 C:/devkitPro/libnx/lib\libnx.a(applet.o)
 *fill*         0x0000000000006d74        0xc 
 .text._appletCmdNoInOutU32.isra.0
                0x0000000000006d80       0xd4 C:/devkitPro/libnx/lib\libnx.a(applet.o)
 *fill*         0x0000000000006e54        0xc 
 .text._appletCmdNoInOutU64.isra.0
                0x0000000000006e60       0xd4 C:/devkitPro/libnx/lib\libnx.a(applet.o)
 *fill*         0x0000000000006f34        0xc 
 .text._appletCmdNoIO.isra.0
                0x0000000000006f40       0xc0 C:/devkitPro/libnx/lib\libnx.a(applet.o)
 .text.appletSetFocusHandlingMode
                0x0000000000007000      0x118 C:/devkitPro/libnx/lib\libnx.a(applet.o)
                0x0000000000007000                appletSetFocusHandlingMode
 *fill*         0x0000000000007118        0x8 
 .text.appletSetCpuBoostMode
                0x0000000000007120       0x5c C:/devkitPro/libnx/lib\libnx.a(applet.o)
                0x0000000000007120                appletSetCpuBoostMode
 *fill*         0x000000000000717c        0x4 
 .text.appletGetAppletResourceUserId
                0x0000000000007180        0xc C:/devkitPro/libnx/lib\libnx.a(applet.o)
                0x0000000000007180                appletGetAppletResourceUserId
 *fill*         0x000000000000718c        0x4 
 .text._appletGetIndirectLayerConsumerHandle
                0x0000000000007190       0xf8 C:/devkitPro/libnx/lib\libnx.a(applet.o)
 *fill*         0x0000000000007288        0x8 
 .text._appletHolderCreateState
                0x0000000000007290       0x88 C:/devkitPro/libnx/lib\libnx.a(applet.o)
 *fill*         0x0000000000007318        0x8 
 .text.appletHolderClose
                0x0000000000007320       0xb4 C:/devkitPro/libnx/lib\libnx.a(applet.o)
                0x0000000000007320                appletHolderClose
 *fill*         0x00000000000073d4        0xc 
 .text.appletHolderGetLibraryAppletInfo
                0x00000000000073e0       0x24 C:/devkitPro/libnx/lib\libnx.a(applet.o)
                0x00000000000073e0                appletHolderGetLibraryAppletInfo
 *fill*         0x0000000000007404        0xc 
 .text.appletNotifyRunning
                0x0000000000007410       0x90 C:/devkitPro/libnx/lib\libnx.a(applet.o)
                0x0000000000007410                appletNotifyRunning
 .text.appletSetGamePlayRecordingState
                0x00000000000074a0       0x8c C:/devkitPro/libnx/lib\libnx.a(applet.o)
                0x00000000000074a0                appletSetGamePlayRecordingState
 *fill*         0x000000000000752c        0x4 
 .text._appletCleanup
                0x0000000000007530      0xac4 C:/devkitPro/libnx/lib\libnx.a(applet.o)
 *fill*         0x0000000000007ff4        0xc 
 .text.appletExit
                0x0000000000008000       0x44 C:/devkitPro/libnx/lib\libnx.a(applet.o)
                0x0000000000008000                appletExit
 *fill*         0x0000000000008044        0xc 
 .text.appletGetLibraryAppletInfo
                0x0000000000008050       0x40 C:/devkitPro/libnx/lib\libnx.a(applet.o)
                0x0000000000008050                appletGetLibraryAppletInfo
 .text.appletInitialize
                0x0000000000008090      0xa28 C:/devkitPro/libnx/lib\libnx.a(applet.o)
                0x0000000000008090                appletInitialize
 *fill*         0x0000000000008ab8        0x8 
 .text._appletExitProcess
                0x0000000000008ac0       0x24 C:/devkitPro/libnx/lib\libnx.a(applet.o)
 *fill*         0x0000000000008ae4        0xc 
 .text._timeCleanup
                0x0000000000008af0      0x228 C:/devkitPro/libnx/lib\libnx.a(time.o)
 *fill*         0x0000000000008d18        0x8 
 .text._timeCmdNoInOutU64.constprop.0
                0x0000000000008d20       0xc8 C:/devkitPro/libnx/lib\libnx.a(time.o)
 *fill*         0x0000000000008de8        0x8 
 .text._timeCmdGetSession.constprop.0
                0x0000000000008df0       0xe8 C:/devkitPro/libnx/lib\libnx.a(time.o)
 *fill*         0x0000000000008ed8        0x8 
 .text._timeGetSharedMemoryNativeHandle.constprop.0
                0x0000000000008ee0       0xcc C:/devkitPro/libnx/lib\libnx.a(time.o)
 *fill*         0x0000000000008fac        0x4 
 .text._timeReadClockFromSharedMem
                0x0000000000008fb0      0x114 C:/devkitPro/libnx/lib\libnx.a(time.o)
 *fill*         0x00000000000090c4        0xc 
 .text.timeInitialize
                0x00000000000090d0      0x238 C:/devkitPro/libnx/lib\libnx.a(time.o)
                0x00000000000090d0                timeInitialize
 *fill*         0x0000000000009308        0x8 
 .text.timeExit
                0x0000000000009310       0x44 C:/devkitPro/libnx/lib\libnx.a(time.o)
                0x0000000000009310                timeExit
 *fill*         0x0000000000009354        0xc 
 .text.timeGetServiceSession_SystemClock
                0x0000000000009360       0x38 C:/devkitPro/libnx/lib\libnx.a(time.o)
                0x0000000000009360                timeGetServiceSession_SystemClock
 *fill*         0x0000000000009398        0x8 
 .text.timeGetCurrentTime
                0x00000000000093a0       0x5c C:/devkitPro/libnx/lib\libnx.a(time.o)
                0x00000000000093a0                timeGetCurrentTime
 *fill*         0x00000000000093fc        0x4 
 .text.timeToCalendarTimeWithMyRule
                0x0000000000009400      0x118 C:/devkitPro/libnx/lib\libnx.a(time.o)
                0x0000000000009400                timeToCalendarTimeWithMyRule
 *fill*         0x0000000000009518        0x8 
 .text.timeToPosixTimeWithMyRule
                0x0000000000009520      0x104 C:/devkitPro/libnx/lib\libnx.a(time.o)
                0x0000000000009520                timeToPosixTimeWithMyRule
 *fill*         0x0000000000009624        0xc 
 .text._hidCleanup
                0x0000000000009630      0x110 C:/devkitPro/libnx/lib\libnx.a(hid.o)
 .text._hidCreateAppletResource.constprop.0
                0x0000000000009740       0xfc C:/devkitPro/libnx/lib\libnx.a(hid.o)
 *fill*         0x000000000000983c        0x4 
 .text._hidCmdGetHandle.constprop.0
                0x0000000000009840       0xc8 C:/devkitPro/libnx/lib\libnx.a(hid.o)
 *fill*         0x0000000000009908        0x8 
 .text.hidInitialize
                0x0000000000009910       0xdc C:/devkitPro/libnx/lib\libnx.a(hid.o)
                0x0000000000009910                hidInitialize
 *fill*         0x00000000000099ec        0x4 
 .text.hidExit  0x00000000000099f0       0x44 C:/devkitPro/libnx/lib\libnx.a(hid.o)
                0x00000000000099f0                hidExit
 *fill*         0x0000000000009a34        0xc 
 .text.hosversionGet
                0x0000000000009a40       0x10 C:/devkitPro/libnx/lib\libnx.a(hosversion.o)
                0x0000000000009a40                hosversionGet
 .text.hosversionSet
                0x0000000000009a50       0x10 C:/devkitPro/libnx/lib\libnx.a(hosversion.o)
                0x0000000000009a50                hosversionSet
 .text.nxlinkSetup
                0x0000000000009a60       0xc4 C:/devkitPro/libnx/lib\libnx.a(nxlink.o)
                0x0000000000009a60                nxlinkSetup
 *fill*         0x0000000000009b24        0xc 
 .text.shmemLoadRemote
                0x0000000000009b30       0x14 C:/devkitPro/libnx/lib\libnx.a(shmem.o)
                0x0000000000009b30                shmemLoadRemote
 *fill*         0x0000000000009b44        0xc 
 .text.shmemMap
                0x0000000000009b50       0x88 C:/devkitPro/libnx/lib\libnx.a(shmem.o)
                0x0000000000009b50                shmemMap
 *fill*         0x0000000000009bd8        0x8 
 .text.shmemUnmap
                0x0000000000009be0       0x34 C:/devkitPro/libnx/lib\libnx.a(shmem.o)
                0x0000000000009be0                shmemUnmap
 *fill*         0x0000000000009c14        0xc 
 .text.shmemClose
                0x0000000000009c20       0x44 C:/devkitPro/libnx/lib\libnx.a(shmem.o)
                0x0000000000009c20                shmemClose
 *fill*         0x0000000000009c64        0xc 
 .text.waitObjects
                0x0000000000009c70      0x45c C:/devkitPro/libnx/lib\libnx.a(wait.o)
                0x0000000000009c70                waitObjects
 *fill*         0x000000000000a0cc        0x4 
 .text.tmemUnmap
                0x000000000000a0d0       0x34 C:/devkitPro/libnx/lib\libnx.a(tmem.o)
                0x000000000000a0d0                tmemUnmap
 *fill*         0x000000000000a104        0xc 
 .text.tmemClose
                0x000000000000a110       0x68 C:/devkitPro/libnx/lib\libnx.a(tmem.o)
                0x000000000000a110                tmemClose
 *fill*         0x000000000000a178        0x8 
 .text.eventLoadRemote
                0x000000000000a180        0xc C:/devkitPro/libnx/lib\libnx.a(event.o)
                0x000000000000a180                eventLoadRemote
 *fill*         0x000000000000a18c        0x4 
 .text.eventWait
                0x000000000000a190       0x38 C:/devkitPro/libnx/lib\libnx.a(event.o)
                0x000000000000a190                eventWait
 *fill*         0x000000000000a1c8        0x8 
 .text.eventClose
                0x000000000000a1d0       0x50 C:/devkitPro/libnx/lib\libnx.a(event.o)
                0x000000000000a1d0                eventClose
 .text.sessionmgrCreate
                0x000000000000a220      0x188 C:/devkitPro/libnx/lib\libnx.a(sessionmgr.o)
                0x000000000000a220                sessionmgrCreate
 *fill*         0x000000000000a3a8        0x8 
 .text.sessionmgrClose
                0x000000000000a3b0       0x84 C:/devkitPro/libnx/lib\libnx.a(sessionmgr.o)
                0x000000000000a3b0                sessionmgrClose
 *fill*         0x000000000000a434        0xc 
 .text.sessionmgrAttachClient
                0x000000000000a440       0xb0 C:/devkitPro/libnx/lib\libnx.a(sessionmgr.o)
                0x000000000000a440                sessionmgrAttachClient
 .text.sessionmgrDetachClient
                0x000000000000a4f0       0x74 C:/devkitPro/libnx/lib\libnx.a(sessionmgr.o)
                0x000000000000a4f0                sessionmgrDetachClient
 *fill*         0x000000000000a564        0xc 
 .text._apmCleanup
                0x000000000000a570       0xc0 C:/devkitPro/libnx/lib\libnx.a(apm.o)
 .text._apmCmdGetSession.constprop.0
                0x000000000000a630       0xe0 C:/devkitPro/libnx/lib\libnx.a(apm.o)
 .text.apmInitialize
                0x000000000000a710       0xa0 C:/devkitPro/libnx/lib\libnx.a(apm.o)
                0x000000000000a710                apmInitialize
 .text.apmExit  0x000000000000a7b0       0x44 C:/devkitPro/libnx/lib\libnx.a(apm.o)
                0x000000000000a7b0                apmExit
 *fill*         0x000000000000a7f4        0xc 
 .text.apmSetPerformanceConfiguration
                0x000000000000a800       0xc8 C:/devkitPro/libnx/lib\libnx.a(apm.o)
                0x000000000000a800                apmSetPerformanceConfiguration
 *fill*         0x000000000000a8c8        0x8 
 .text.bsearch  0x000000000000a8d0       0xb8 c:/devkitpro/devkita64/bin/../lib/gcc/aarch64-none-elf/10.2.0/../../../../aarch64-none-elf/lib/pic\libg.a(lib_a-bsearch.o)
                0x000000000000a8d0                bsearch
 *fill*         0x000000000000a988        0x8 
 .text.__errno  0x000000000000a990       0x14 c:/devkitpro/devkita64/bin/../lib/gcc/aarch64-none-elf/10.2.0/../../../../aarch64-none-elf/lib/pic\libg.a(lib_a-errno.o)
                0x000000000000a990                __errno
 *fill*         0x000000000000a9a4        0xc 
 .text.__libc_fini_array
                0x000000000000a9b0       0x44 c:/devkitpro/devkita64/bin/../lib/gcc/aarch64-none-elf/10.2.0/../../../../aarch64-none-elf/lib/pic\libg.a(lib_a-fini.o)
                0x000000000000a9b0                __libc_fini_array
 *fill*         0x000000000000a9f4        0xc 
 .text.gmtime   0x000000000000aa00       0x2c c:/devkitpro/devkita64/bin/../lib/gcc/aarch64-none-elf/10.2.0/../../../../aarch64-none-elf/lib/pic\libg.a(lib_a-gmtime.o)
                0x000000000000aa00                gmtime
 *fill*         0x000000000000aa2c        0x4 
 .text.gmtime_r
                0x000000000000aa30      0x29c c:/devkitpro/devkita64/bin/../lib/gcc/aarch64-none-elf/10.2.0/../../../../aarch64-none-elf/lib/pic\libg.a(lib_a-gmtime_r.o)
                0x000000000000aa30                gmtime_r
 *fill*         0x000000000000accc        0x4 
 .text.__libc_init_array
                0x000000000000acd0       0x8c c:/devkitpro/devkita64/bin/../lib/gcc/aarch64-none-elf/10.2.0/../../../../aarch64-none-elf/lib/pic\libg.a(lib_a-init.o)
                0x000000000000acd0                __libc_init_array
 *fill*         0x000000000000ad5c        0x4 
 .text.malloc   0x000000000000ad60       0x24 c:/devkitpro/devkita64/bin/../lib/gcc/aarch64-none-elf/10.2.0/../../../../aarch64-none-elf/lib/pic\libg.a(lib_a-malloc.o)
                0x000000000000ad60                malloc
 *fill*         0x000000000000ad84        0xc 
 .text.free     0x000000000000ad90       0x24 c:/devkitpro/devkita64/bin/../lib/gcc/aarch64-none-elf/10.2.0/../../../../aarch64-none-elf/lib/pic\libg.a(lib_a-malloc.o)
                0x000000000000ad90                free
 *fill*         0x000000000000adb4        0xc 
 .text._malloc_r
                0x000000000000adc0      0x878 c:/devkitpro/devkita64/bin/../lib/gcc/aarch64-none-elf/10.2.0/../../../../aarch64-none-elf/lib/pic\libg.a(lib_a-mallocr.o)
                0x000000000000adc0                _malloc_r
 *fill*         0x000000000000b638        0x8 
 .text          0x000000000000b640      0x16c c:/devkitpro/devkita64/bin/../lib/gcc/aarch64-none-elf/10.2.0/../../../../aarch64-none-elf/lib/pic\libg.a(lib_a-memcpy.o)
                0x000000000000b640                memcpy
 *fill*         0x000000000000b7ac       0x14 
 .text          0x000000000000b7c0      0x1dc c:/devkitpro/devkita64/bin/../lib/gcc/aarch64-none-elf/10.2.0/../../../../aarch64-none-elf/lib/pic\libg.a(lib_a-memset.o)
                0x000000000000b7c0                memset
 *fill*         0x000000000000b99c        0x4 
 .text.__malloc_lock
                0x000000000000b9a0        0xc c:/devkitpro/devkita64/bin/../lib/gcc/aarch64-none-elf/10.2.0/../../../../aarch64-none-elf/lib/pic\libg.a(lib_a-mlock.o)
                0x000000000000b9a0                __malloc_lock
 *fill*         0x000000000000b9ac        0x4 
 .text.__malloc_unlock
                0x000000000000b9b0        0xc c:/devkitpro/devkita64/bin/../lib/gcc/aarch64-none-elf/10.2.0/../../../../aarch64-none-elf/lib/pic\libg.a(lib_a-mlock.o)
                0x000000000000b9b0                __malloc_unlock
 *fill*         0x000000000000b9bc        0x4 
 .text.setenv   0x000000000000b9c0       0x3c c:/devkitpro/devkita64/bin/../lib/gcc/aarch64-none-elf/10.2.0/../../../../aarch64-none-elf/lib/pic\libg.a(lib_a-setenv.o)
                0x000000000000b9c0                setenv
 *fill*         0x000000000000b9fc        0x4 
 .text._setenv_r
                0x000000000000ba00      0x268 c:/devkitpro/devkita64/bin/../lib/gcc/aarch64-none-elf/10.2.0/../../../../aarch64-none-elf/lib/pic\libg.a(lib_a-setenv_r.o)
                0x000000000000ba00                _setenv_r
 .text          0x000000000000bc68       0xdc c:/devkitpro/devkita64/bin/../lib/gcc/aarch64-none-elf/10.2.0/../../../../aarch64-none-elf/lib/pic\libg.a(lib_a-strchr.o)
                0x000000000000bc68                strchr
 *fill*         0x000000000000bd44       0x3c 
 .text          0x000000000000bd80       0xe4 c:/devkitpro/devkita64/bin/../lib/gcc/aarch64-none-elf/10.2.0/../../../../aarch64-none-elf/lib/pic\libg.a(lib_a-strcmp.o)
                0x000000000000bd80                strcmp
 *fill*         0x000000000000be64       0x1c 
 .text          0x000000000000be80      0x140 c:/devkitpro/devkita64/bin/../lib/gcc/aarch64-none-elf/10.2.0/../../../../aarch64-none-elf/lib/pic\libg.a(lib_a-strlen.o)
                0x000000000000be80                strlen
 .text.strncat  0x000000000000bfc0       0x7c c:/devkitpro/devkita64/bin/../lib/gcc/aarch64-none-elf/10.2.0/../../../../aarch64-none-elf/lib/pic\libg.a(lib_a-strncat.o)
                0x000000000000bfc0                strncat
 *fill*         0x000000000000c03c        0x4 
 .text          0x000000000000c040      0x1d4 c:/devkitpro/devkita64/bin/../lib/gcc/aarch64-none-elf/10.2.0/../../../../aarch64-none-elf/lib/pic\libg.a(lib_a-strncmp.o)
                0x000000000000c05c                strncmp
 *fill*         0x000000000000c214        0xc 
 .text.strncpy  0x000000000000c220       0x9c c:/devkitpro/devkita64/bin/../lib/gcc/aarch64-none-elf/10.2.0/../../../../aarch64-none-elf/lib/pic\libg.a(lib_a-strncpy.o)
                0x000000000000c220                strncpy
 *fill*         0x000000000000c2bc        0x4 
 .text          0x000000000000c2c0       0xe0 c:/devkitpro/devkita64/bin/../lib/gcc/aarch64-none-elf/10.2.0/../../../../aarch64-none-elf/lib/pic\libg.a(lib_a-strnlen.o)
                0x000000000000c2e4                strnlen
 .text._strtoul_l.constprop.0
                0x000000000000c3a0      0x1a4 c:/devkitpro/devkita64/bin/../lib/gcc/aarch64-none-elf/10.2.0/../../../../aarch64-none-elf/lib/pic\libg.a(lib_a-strtoul.o)
 *fill*         0x000000000000c544        0xc 
 .text.strtoul  0x000000000000c550       0x48 c:/devkitpro/devkita64/bin/../lib/gcc/aarch64-none-elf/10.2.0/../../../../aarch64-none-elf/lib/pic\libg.a(lib_a-strtoul.o)
                0x000000000000c550                strtoul
 *fill*         0x000000000000c598        0x8 
 .text.__call_exitprocs
                0x000000000000c5a0      0x12c c:/devkitpro/devkita64/bin/../lib/gcc/aarch64-none-elf/10.2.0/../../../../aarch64-none-elf/lib/pic\libg.a(lib_a-__call_atexit.o)
                0x000000000000c5a0                __call_exitprocs
 *fill*         0x000000000000c6cc        0x4 
 .text.__env_lock
                0x000000000000c6d0        0xc c:/devkitpro/devkita64/bin/../lib/gcc/aarch64-none-elf/10.2.0/../../../../aarch64-none-elf/lib/pic\libg.a(lib_a-envlock.o)
                0x000000000000c6d0                __env_lock
 *fill*         0x000000000000c6dc        0x4 
 .text.__env_unlock
                0x000000000000c6e0        0xc c:/devkitpro/devkita64/bin/../lib/gcc/aarch64-none-elf/10.2.0/../../../../aarch64-none-elf/lib/pic\libg.a(lib_a-envlock.o)
                0x000000000000c6e0                __env_unlock
 *fill*         0x000000000000c6ec        0x4 
 .text._malloc_trim_r
                0x000000000000c6f0      0x118 c:/devkitpro/devkita64/bin/../lib/gcc/aarch64-none-elf/10.2.0/../../../../aarch64-none-elf/lib/pic\libg.a(lib_a-freer.o)
                0x000000000000c6f0                _malloc_trim_r
 *fill*         0x000000000000c808        0x8 
 .text._free_r  0x000000000000c810      0x2f0 c:/devkitpro/devkita64/bin/../lib/gcc/aarch64-none-elf/10.2.0/../../../../aarch64-none-elf/lib/pic\libg.a(lib_a-freer.o)
                0x000000000000c810                _free_r
 .text._findenv_r
                0x000000000000cb00      0x100 c:/devkitpro/devkita64/bin/../lib/gcc/aarch64-none-elf/10.2.0/../../../../aarch64-none-elf/lib/pic\libg.a(lib_a-getenv_r.o)
                0x000000000000cb00                _findenv_r
 .text._realloc_r
                0x000000000000cc00      0x55c c:/devkitpro/devkita64/bin/../lib/gcc/aarch64-none-elf/10.2.0/../../../../aarch64-none-elf/lib/pic\libg.a(lib_a-reallocr.o)
                0x000000000000cc00                _realloc_r
 *fill*         0x000000000000d15c       0x24 
 .text          0x000000000000d180       0xac c:/devkitpro/devkita64/bin/../lib/gcc/aarch64-none-elf/10.2.0/../../../../aarch64-none-elf/lib/pic\libg.a(lib_a-memmove.o)
                0x000000000000d180                memmove
 *fill*         0x000000000000d22c        0x4 
 .text.null_write
                0x000000000000d230        0x8 c:/devkitpro/devkita64/bin/../lib/gcc/aarch64-none-elf/10.2.0/../../../../aarch64-none-elf/lib/pic\libsysbase.a(iosupport.o)
 *fill*         0x000000000000d238        0x8 
 .text.setDefaultDevice
                0x000000000000d240       0x18 c:/devkitpro/devkita64/bin/../lib/gcc/aarch64-none-elf/10.2.0/../../../../aarch64-none-elf/lib/pic\libsysbase.a(iosupport.o)
                0x000000000000d240                setDefaultDevice
 *fill*         0x000000000000d258        0x8 
 .text.FindDevice
                0x000000000000d260      0x108 c:/devkitpro/devkita64/bin/../lib/gcc/aarch64-none-elf/10.2.0/../../../../aarch64-none-elf/lib/pic\libsysbase.a(iosupport.o)
                0x000000000000d260                FindDevice
 *fill*         0x000000000000d368        0x8 
 .text.RemoveDevice
                0x000000000000d370       0x34 c:/devkitpro/devkita64/bin/../lib/gcc/aarch64-none-elf/10.2.0/../../../../aarch64-none-elf/lib/pic\libsysbase.a(iosupport.o)
                0x000000000000d370                RemoveDevice
 *fill*         0x000000000000d3a4        0xc 
 .text.AddDevice
                0x000000000000d3b0       0xdc c:/devkitpro/devkita64/bin/../lib/gcc/aarch64-none-elf/10.2.0/../../../../aarch64-none-elf/lib/pic\libsysbase.a(iosupport.o)
                0x000000000000d3b0                AddDevice
 *fill*         0x000000000000d48c        0x4 
 .text.GetDeviceOpTab
                0x000000000000d490       0x34 c:/devkitpro/devkita64/bin/../lib/gcc/aarch64-none-elf/10.2.0/../../../../aarch64-none-elf/lib/pic\libsysbase.a(iosupport.o)
                0x000000000000d490                GetDeviceOpTab
 *fill*         0x000000000000d4c4        0xc 
 .text._sbrk_r  0x000000000000d4d0       0x78 c:/devkitpro/devkita64/bin/../lib/gcc/aarch64-none-elf/10.2.0/../../../../aarch64-none-elf/lib/pic\libsysbase.a(sbrk.o)
                0x000000000000d4d0                _sbrk_r
 *fill*         0x000000000000d548        0x8 
 .text._exit    0x000000000000d550       0x20 c:/devkitpro/devkita64/bin/../lib/gcc/aarch64-none-elf/10.2.0/../../../../aarch64-none-elf/lib/pic\libsysbase.a(_exit.o)
                0x000000000000d550                _exit
 .text._concatenate_path
                0x000000000000d570      0x228 c:/devkitpro/devkita64/bin/../lib/gcc/aarch64-none-elf/10.2.0/../../../../aarch64-none-elf/lib/pic\libsysbase.a(chdir.o)
                0x000000000000d570                _concatenate_path
 *fill*         0x000000000000d798        0x8 
 .text.chdir    0x000000000000d7a0      0x178 c:/devkitpro/devkita64/bin/../lib/gcc/aarch64-none-elf/10.2.0/../../../../aarch64-none-elf/lib/pic\libsysbase.a(chdir.o)
                0x000000000000d7a0                chdir
 *fill*         0x000000000000d918        0x8 
 .text.__libc_lock_acquire_recursive
                0x000000000000d920       0x14 c:/devkitpro/devkita64/bin/../lib/gcc/aarch64-none-elf/10.2.0/../../../../aarch64-none-elf/lib/pic\libsysbase.a(locks.o)
                0x000000000000d920                __libc_lock_acquire_recursive
 *fill*         0x000000000000d934        0xc 
 .text.__libc_lock_release_recursive
                0x000000000000d940       0x14 c:/devkitpro/devkita64/bin/../lib/gcc/aarch64-none-elf/10.2.0/../../../../aarch64-none-elf/lib/pic\libsysbase.a(locks.o)
                0x000000000000d940                __libc_lock_release_recursive
 *fill*         0x000000000000d954        0xc 
 .text.__getreent
                0x000000000000d960       0x20 c:/devkitpro/devkita64/bin/../lib/gcc/aarch64-none-elf/10.2.0/../../../../aarch64-none-elf/lib/pic\libsysbase.a(getreent.o)
                0x000000000000d960                __getreent
 .text          0x000000000000d980      0x100 c:/devkitpro/devkita64/bin/../lib/gcc/aarch64-none-elf/10.2.0/../../../../aarch64-none-elf/lib/pic\libg.a(lib_a-strrchr.o)
                0x000000000000d980                strrchr
                0x000000000000da80                . = ALIGN (0x8)

.fini           0x000000000000da80       0x38
 *(.fini)
 .fini          0x000000000000da80       0x18 c:/devkitpro/devkita64/bin/../lib/gcc/aarch64-none-elf/10.2.0/pic/crti.o
                0x000000000000da80                _fini
 .fini          0x000000000000da98       0x1c c:/devkitpro/devkita64/bin/../lib/gcc/aarch64-none-elf/10.2.0/pic/crtn.o
                0x000000000000dab8                . = ALIGN (0x8)
 *fill*         0x000000000000dab4        0x4 
                0x000000000000e000                . = ALIGN (0x1000)
                0x000000000000e000                __rodata_start = .

.nx-module-name
                0x000000000000e000       0x13
 *(.nx-module-name)
 .nx-module-name
                0x000000000000e000       0x13 c:/devkitpro/devkita64/bin/../lib/gcc/aarch64-none-elf/10.2.0/pic/crti.o

.rodata         0x000000000000e018      0x188
 *(.rodata .rodata.* .gnu.linkonce.r.*)
 .rodata.__libnx_init_time.str1.8
                0x000000000000e018        0xb C:/devkitPro/libnx/lib\libnx.a(newlib.o)
 *fill*         0x000000000000e023        0x5 
 .rodata.fsdev_fixpath.str1.8
                0x000000000000e028        0x2 C:/devkitPro/libnx/lib\libnx.a(fs_dev.o)
 *fill*         0x000000000000e02a        0x6 
 .rodata._fsdevUnmountDeviceStruct.part.0.str1.8
                0x000000000000e030        0x2 C:/devkitPro/libnx/lib\libnx.a(fs_dev.o)
 *fill*         0x000000000000e032        0x6 
 .rodata.fsdevMountDevice.str1.8
                0x000000000000e038        0x8 C:/devkitPro/libnx/lib\libnx.a(fs_dev.o)
                                         0x10 (size before relaxing)
 .rodata.fsdevMountSdmc.str1.8
                0x000000000000e040        0x5 C:/devkitPro/libnx/lib\libnx.a(fs_dev.o)
 *fill*         0x000000000000e045        0x3 
 .rodata.error_table
                0x000000000000e048       0x20 C:/devkitPro/libnx/lib\libnx.a(fs_dev.o)
 .rodata.smInitialize.str1.8
                0x000000000000e068        0x4 C:/devkitPro/libnx/lib\libnx.a(sm.o)
 *fill*         0x000000000000e06c        0x4 
 .rodata.CSWTCH.560
                0x000000000000e070       0x14 C:/devkitPro/libnx/lib\libnx.a(applet.o)
 *fill*         0x000000000000e084        0x4 
 .rodata.nxlinkSetup.str1.8
                0x000000000000e088       0x10 C:/devkitPro/libnx/lib\libnx.a(nxlink.o)
                                          0x9 (size before relaxing)
 .rodata._ctype_
                0x000000000000e098      0x101 c:/devkitpro/devkita64/bin/../lib/gcc/aarch64-none-elf/10.2.0/../../../../aarch64-none-elf/lib/pic\libg.a(lib_a-ctype_.o)
                0x000000000000e098                _ctype_
 .rodata.AddDevice.str1.8
                0x000000000000e199        0x8 c:/devkitpro/devkita64/bin/../lib/gcc/aarch64-none-elf/10.2.0/../../../../aarch64-none-elf/lib/pic\libsysbase.a(iosupport.o)
                0x000000000000e1a8                . = ALIGN (0x8)
 *fill*         0x000000000000e199        0x7 

.eh_frame_hdr   0x000000000000e1a0        0x0
                0x000000000000e1a0                __eh_frame_hdr_start = .
 *(.eh_frame_hdr)
 *(.eh_frame_entry .eh_frame_entry.*)
                0x000000000000e1a0                __eh_frame_hdr_end = .

.eh_frame       0x000000000000e1a0     0x2aa0
 *(.eh_frame)
 .eh_frame      0x000000000000e1a0       0x50 c:/devkitpro/devkita64/bin/../lib/gcc/aarch64-none-elf/10.2.0/pic/crtbegin.o
 .eh_frame      0x000000000000e1f0       0x18 C:/devkitPro/libnx/lib\libnx.a(dynamic.o)
                                         0x30 (size before relaxing)
 .eh_frame      0x000000000000e208       0xa8 C:/devkitPro/libnx/lib\libnx.a(init.o)
                                         0xc0 (size before relaxing)
 .eh_frame      0x000000000000e2b0      0x118 C:/devkitPro/libnx/lib\libnx.a(env.o)
                                        0x1f0 (size before relaxing)
 .eh_frame      0x000000000000e3c8       0xd0 C:/devkitPro/libnx/lib\libnx.a(newlib.o)
                                        0x438 (size before relaxing)
 .eh_frame      0x000000000000e498       0x18 C:/devkitPro/libnx/lib\libnx.a(diag.o)
                                         0x30 (size before relaxing)
 .eh_frame      0x000000000000e4b0       0xa8 C:/devkitPro/libnx/lib\libnx.a(argv.o)
                                         0xb8 (size before relaxing)
 .eh_frame      0x000000000000e558      0x6e0 C:/devkitPro/libnx/lib\libnx.a(fs_dev.o)
                                        0x9e0 (size before relaxing)
 .eh_frame      0x000000000000ec38       0x18 C:/devkitPro/libnx/lib\libnx.a(decode_utf8.o)
                                         0x28 (size before relaxing)
 .eh_frame      0x000000000000ec50      0x190 C:/devkitPro/libnx/lib\libnx.a(svc.o)
                                        0x988 (size before relaxing)
 .eh_frame      0x000000000000ede0       0x28 C:/devkitPro/libnx/lib\libnx.a(exception.o)
                                         0x40 (size before relaxing)
 .eh_frame      0x000000000000ee08       0x18 C:/devkitPro/libnx/lib\libnx.a(readtp.o)
                                         0x28 (size before relaxing)
 .eh_frame      0x000000000000ee20       0xa0 C:/devkitPro/libnx/lib\libnx.a(mutex.o)
                                         0xf0 (size before relaxing)
 .eh_frame      0x000000000000eec0      0x138 C:/devkitPro/libnx/lib\libnx.a(virtmem.o)
                                        0x260 (size before relaxing)
 .eh_frame      0x000000000000eff8       0x30 C:/devkitPro/libnx/lib\libnx.a(condvar.o)
                                         0x48 (size before relaxing)
 .eh_frame      0x000000000000f028       0x60 C:/devkitPro/libnx/lib\libnx.a(random.o)
                                         0x78 (size before relaxing)
 .eh_frame      0x000000000000f088       0x28 C:/devkitPro/libnx/lib\libnx.a(thread.o)
                                        0x210 (size before relaxing)
 .eh_frame      0x000000000000f0b0       0xd8 C:/devkitPro/libnx/lib\libnx.a(set.o)
                                       0x2ca0 (size before relaxing)
 .eh_frame      0x000000000000f188      0x150 C:/devkitPro/libnx/lib\libnx.a(sm.o)
                                        0x1e8 (size before relaxing)
 .eh_frame      0x000000000000f2d8      0x560 C:/devkitPro/libnx/lib\libnx.a(fs.o)
                                       0x1598 (size before relaxing)
 .eh_frame      0x000000000000f838      0x530 C:/devkitPro/libnx/lib\libnx.a(applet.o)
                                       0x4748 (size before relaxing)
 .eh_frame      0x000000000000fd68      0x1d0 C:/devkitPro/libnx/lib\libnx.a(time.o)
                                        0x468 (size before relaxing)
 .eh_frame      0x000000000000ff38       0xe0 C:/devkitPro/libnx/lib\libnx.a(hid.o)
                                       0x1f68 (size before relaxing)
 .eh_frame      0x0000000000010018       0x28 C:/devkitPro/libnx/lib\libnx.a(hosversion.o)
                                         0x40 (size before relaxing)
 .eh_frame      0x0000000000010040       0x50 C:/devkitPro/libnx/lib\libnx.a(nxlink.o)
                                         0x68 (size before relaxing)
 .eh_frame      0x0000000000010090       0x98 C:/devkitPro/libnx/lib\libnx.a(shmem.o)
                                         0xc0 (size before relaxing)
 .eh_frame      0x0000000000010128       0x48 C:/devkitPro/libnx/lib\libnx.a(wait.o)
                                         0x98 (size before relaxing)
 .eh_frame      0x0000000000010170        0x0 C:/devkitPro/libnx/lib\libnx.a(rwlock.o)
                                        0x180 (size before relaxing)
 .eh_frame      0x0000000000010170       0x50 C:/devkitPro/libnx/lib\libnx.a(tmem.o)
                                        0x100 (size before relaxing)
 .eh_frame      0x00000000000101c0       0x60 C:/devkitPro/libnx/lib\libnx.a(event.o)
                                         0xc0 (size before relaxing)
 .eh_frame      0x0000000000010220      0x118 C:/devkitPro/libnx/lib\libnx.a(sessionmgr.o)
                                        0x130 (size before relaxing)
 .eh_frame      0x0000000000010338       0xd8 C:/devkitPro/libnx/lib\libnx.a(apm.o)
                                        0x160 (size before relaxing)
 .eh_frame      0x0000000000010410       0x68 c:/devkitpro/devkita64/bin/../lib/gcc/aarch64-none-elf/10.2.0/../../../../aarch64-none-elf/lib/pic\libg.a(lib_a-bsearch.o)
                                         0x78 (size before relaxing)
 .eh_frame      0x0000000000010478        0x0 c:/devkitpro/devkita64/bin/../lib/gcc/aarch64-none-elf/10.2.0/../../../../aarch64-none-elf/lib/pic\libg.a(lib_a-ctype_.o)
                                         0x28 (size before relaxing)
 .eh_frame      0x0000000000010478       0x20 c:/devkitpro/devkita64/bin/../lib/gcc/aarch64-none-elf/10.2.0/../../../../aarch64-none-elf/lib/pic\libg.a(lib_a-errno.o)
                                         0x38 (size before relaxing)
 .eh_frame      0x0000000000010498       0x20 c:/devkitpro/devkita64/bin/../lib/gcc/aarch64-none-elf/10.2.0/../../../../aarch64-none-elf/lib/pic\libg.a(lib_a-exit.o)
                                         0x30 (size before relaxing)
 .eh_frame      0x00000000000104b8       0x28 c:/devkitpro/devkita64/bin/../lib/gcc/aarch64-none-elf/10.2.0/../../../../aarch64-none-elf/lib/pic\libg.a(lib_a-fini.o)
                                         0x38 (size before relaxing)
 .eh_frame      0x00000000000104e0       0x28 c:/devkitpro/devkita64/bin/../lib/gcc/aarch64-none-elf/10.2.0/../../../../aarch64-none-elf/lib/pic\libg.a(lib_a-gmtime.o)
                                         0x38 (size before relaxing)
 .eh_frame      0x0000000000010508       0x18 c:/devkitpro/devkita64/bin/../lib/gcc/aarch64-none-elf/10.2.0/../../../../aarch64-none-elf/lib/pic\libg.a(lib_a-gmtime_r.o)
                                         0x28 (size before relaxing)
 .eh_frame      0x0000000000010520       0x28 c:/devkitpro/devkita64/bin/../lib/gcc/aarch64-none-elf/10.2.0/../../../../aarch64-none-elf/lib/pic\libg.a(lib_a-init.o)
                                         0x40 (size before relaxing)
 .eh_frame      0x0000000000010548        0x0 c:/devkitpro/devkita64/bin/../lib/gcc/aarch64-none-elf/10.2.0/../../../../aarch64-none-elf/lib/pic\libg.a(lib_a-malign.o)
                                         0x38 (size before relaxing)
 .eh_frame      0x0000000000010548        0x0 c:/devkitpro/devkita64/bin/../lib/gcc/aarch64-none-elf/10.2.0/../../../../aarch64-none-elf/lib/pic\libg.a(lib_a-malignr.o)
                                         0x60 (size before relaxing)
 .eh_frame      0x0000000000010548       0x48 c:/devkitpro/devkita64/bin/../lib/gcc/aarch64-none-elf/10.2.0/../../../../aarch64-none-elf/lib/pic\libg.a(lib_a-malloc.o)
                                         0x60 (size before relaxing)
 .eh_frame      0x0000000000010590       0xc0 c:/devkitpro/devkita64/bin/../lib/gcc/aarch64-none-elf/10.2.0/../../../../aarch64-none-elf/lib/pic\libg.a(lib_a-mallocr.o)
                                         0xd0 (size before relaxing)
 .eh_frame      0x0000000000010650       0x28 c:/devkitpro/devkita64/bin/../lib/gcc/aarch64-none-elf/10.2.0/../../../../aarch64-none-elf/lib/pic\libg.a(lib_a-mlock.o)
                                         0x40 (size before relaxing)
 .eh_frame      0x0000000000010678       0x28 c:/devkitpro/devkita64/bin/../lib/gcc/aarch64-none-elf/10.2.0/../../../../aarch64-none-elf/lib/pic\libg.a(lib_a-setenv.o)
                                         0x60 (size before relaxing)
 .eh_frame      0x00000000000106a0       0x78 c:/devkitpro/devkita64/bin/../lib/gcc/aarch64-none-elf/10.2.0/../../../../aarch64-none-elf/lib/pic\libg.a(lib_a-setenv_r.o)
                                         0xc8 (size before relaxing)
 .eh_frame      0x0000000000010718       0x18 c:/devkitpro/devkita64/bin/../lib/gcc/aarch64-none-elf/10.2.0/../../../../aarch64-none-elf/lib/pic\libg.a(lib_a-strncat.o)
                                         0x28 (size before relaxing)
 .eh_frame      0x0000000000010730       0x18 c:/devkitpro/devkita64/bin/../lib/gcc/aarch64-none-elf/10.2.0/../../../../aarch64-none-elf/lib/pic\libg.a(lib_a-strncpy.o)
                                         0x28 (size before relaxing)
 .eh_frame      0x0000000000010748       0x40 c:/devkitpro/devkita64/bin/../lib/gcc/aarch64-none-elf/10.2.0/../../../../aarch64-none-elf/lib/pic\libg.a(lib_a-strtoul.o)
                                         0xa8 (size before relaxing)
 .eh_frame      0x0000000000010788       0x58 c:/devkitpro/devkita64/bin/../lib/gcc/aarch64-none-elf/10.2.0/../../../../aarch64-none-elf/lib/pic\libg.a(lib_a-__call_atexit.o)
                                         0x70 (size before relaxing)
 .eh_frame      0x00000000000107e0       0x28 c:/devkitpro/devkita64/bin/../lib/gcc/aarch64-none-elf/10.2.0/../../../../aarch64-none-elf/lib/pic\libg.a(lib_a-envlock.o)
                                         0x40 (size before relaxing)
 .eh_frame      0x0000000000010808       0x80 c:/devkitpro/devkita64/bin/../lib/gcc/aarch64-none-elf/10.2.0/../../../../aarch64-none-elf/lib/pic\libg.a(lib_a-freer.o)
                                         0x98 (size before relaxing)
 .eh_frame      0x0000000000010888       0x58 c:/devkitpro/devkita64/bin/../lib/gcc/aarch64-none-elf/10.2.0/../../../../aarch64-none-elf/lib/pic\libg.a(lib_a-getenv_r.o)
                                         0x90 (size before relaxing)
 .eh_frame      0x00000000000108e0      0x100 c:/devkitpro/devkita64/bin/../lib/gcc/aarch64-none-elf/10.2.0/../../../../aarch64-none-elf/lib/pic\libg.a(lib_a-reallocr.o)
                                        0x118 (size before relaxing)
 .eh_frame      0x00000000000109e0      0x120 c:/devkitpro/devkita64/bin/../lib/gcc/aarch64-none-elf/10.2.0/../../../../aarch64-none-elf/lib/pic\libsysbase.a(iosupport.o)
                                        0x130 (size before relaxing)
 .eh_frame      0x0000000000010b00       0x18 c:/devkitpro/devkita64/bin/../lib/gcc/aarch64-none-elf/10.2.0/../../../../aarch64-none-elf/lib/pic\libsysbase.a(sbrk.o)
                                         0x28 (size before relaxing)
 .eh_frame      0x0000000000010b18       0x20 c:/devkitpro/devkita64/bin/../lib/gcc/aarch64-none-elf/10.2.0/../../../../aarch64-none-elf/lib/pic\libsysbase.a(_exit.o)
                                         0x38 (size before relaxing)
 .eh_frame      0x0000000000010b38       0xc8 c:/devkitpro/devkita64/bin/../lib/gcc/aarch64-none-elf/10.2.0/../../../../aarch64-none-elf/lib/pic\libsysbase.a(chdir.o)
                                        0x120 (size before relaxing)
 .eh_frame      0x0000000000010c00       0x28 c:/devkitpro/devkita64/bin/../lib/gcc/aarch64-none-elf/10.2.0/../../../../aarch64-none-elf/lib/pic\libsysbase.a(locks.o)
                                        0x178 (size before relaxing)
 .eh_frame      0x0000000000010c28       0x14 c:/devkitpro/devkita64/bin/../lib/gcc/aarch64-none-elf/10.2.0/../../../../aarch64-none-elf/lib/pic\libsysbase.a(getreent.o)
                                         0x28 (size before relaxing)
 .eh_frame      0x0000000000010c3c        0x0 c:/devkitpro/devkita64/bin/../lib/gcc/aarch64-none-elf/10.2.0/../../../../aarch64-none-elf/lib/pic\libsysbase.a(clocks.o)
                                         0x78 (size before relaxing)
 .eh_frame      0x0000000000010c3c        0x4 c:/devkitpro/devkita64/bin/../lib/gcc/aarch64-none-elf/10.2.0/pic/crtend.o
 *(.eh_frame.*)

.gcc_except_table
 *(.gcc_except_table .gcc_except_table.*)

.gnu_extab
 *(.gnu_extab*)

.dynamic        0x0000000000010c40      0x150
 *(.dynamic)
 .dynamic       0x0000000000010c40      0x150 c:/devkitpro/devkita64/bin/../lib/gcc/aarch64-none-elf/10.2.0/pic/crti.o
                0x0000000000010c40                _DYNAMIC

.dynsym         0x0000000000010d90       0x48
 *(.dynsym)
 .dynsym        0x0000000000010d90       0x48 c:/devkitpro/devkita64/bin/../lib/gcc/aarch64-none-elf/10.2.0/pic/crti.o

.dynstr         0x0000000000010dd8        0x1
 *(.dynstr)
 .dynstr        0x0000000000010dd8        0x1 c:/devkitpro/devkita64/bin/../lib/gcc/aarch64-none-elf/10.2.0/pic/crti.o

.rela.dyn       0x0000000000010de0     0x2118
 *(.rela.*)
 .rela.got      0x0000000000010de0      0x468 c:/devkitpro/devkita64/bin/../lib/gcc/aarch64-none-elf/10.2.0/pic/crti.o
 .rela.plt      0x0000000000011248       0x18 c:/devkitpro/devkita64/bin/../lib/gcc/aarch64-none-elf/10.2.0/pic/crti.o
 .rela.bss      0x0000000000011260        0x0 c:/devkitpro/devkita64/bin/../lib/gcc/aarch64-none-elf/10.2.0/pic/crti.o
 .rela.data.rel.ro
                0x0000000000011260        0x0 c:/devkitpro/devkita64/bin/../lib/gcc/aarch64-none-elf/10.2.0/pic/crti.o
 .rela.init_array
                0x0000000000011260       0x18 c:/devkitpro/devkita64/bin/../lib/gcc/aarch64-none-elf/10.2.0/pic/crti.o
 .rela.fini_array
                0x0000000000011278       0x18 c:/devkitpro/devkita64/bin/../lib/gcc/aarch64-none-elf/10.2.0/pic/crti.o
 .rela.ifunc    0x0000000000011290        0x0 c:/devkitpro/devkita64/bin/../lib/gcc/aarch64-none-elf/10.2.0/pic/crti.o
 .rela.data.rel.ro.local.fsdev_devoptab
                0x0000000000011290      0x228 c:/devkitpro/devkita64/bin/../lib/gcc/aarch64-none-elf/10.2.0/pic/crti.o
 .rela.data.rel.local._impure_ptr
                0x00000000000114b8       0x18 c:/devkitpro/devkita64/bin/../lib/gcc/aarch64-none-elf/10.2.0/pic/crti.o
 .rela.data.rel.local.impure_data
                0x00000000000114d0       0x48 c:/devkitpro/devkita64/bin/../lib/gcc/aarch64-none-elf/10.2.0/pic/crti.o
 .rela.data.rel.ro.local._global_impure_ptr
                0x0000000000011518       0x18 c:/devkitpro/devkita64/bin/../lib/gcc/aarch64-none-elf/10.2.0/pic/crti.o
 .rela.data.rel.__malloc_av_
                0x0000000000011530     0x1800 c:/devkitpro/devkita64/bin/../lib/gcc/aarch64-none-elf/10.2.0/pic/crti.o
 .rela.data.rel.local.environ
                0x0000000000012d30       0x18 c:/devkitpro/devkita64/bin/../lib/gcc/aarch64-none-elf/10.2.0/pic/crti.o
 .rela.data.rel.devoptab_list
                0x0000000000012d48      0x180 c:/devkitpro/devkita64/bin/../lib/gcc/aarch64-none-elf/10.2.0/pic/crti.o
 .rela.data.rel.ro.local.dotab_stdnull
                0x0000000000012ec8       0x30 c:/devkitpro/devkita64/bin/../lib/gcc/aarch64-none-elf/10.2.0/pic/crti.o

.interp
 *(.interp)

.hash           0x0000000000012ef8       0x18
 *(.hash)
 .hash          0x0000000000012ef8       0x18 c:/devkitpro/devkita64/bin/../lib/gcc/aarch64-none-elf/10.2.0/pic/crti.o

.gnu.hash
 *(.gnu.hash)

.gnu.version    0x0000000000012f10        0x0
 *(.gnu.version)
 .gnu.version   0x0000000000012f10        0x0 c:/devkitpro/devkita64/bin/../lib/gcc/aarch64-none-elf/10.2.0/pic/crti.o

.gnu.version_d  0x0000000000012f10        0x0
 *(.gnu.version_d)
 .gnu.version_d
                0x0000000000012f10        0x0 c:/devkitpro/devkita64/bin/../lib/gcc/aarch64-none-elf/10.2.0/pic/crti.o

.gnu.version_r  0x0000000000012f10        0x0
 *(.gnu.version_r)
 .gnu.version_r
                0x0000000000012f10        0x0 c:/devkitpro/devkita64/bin/../lib/gcc/aarch64-none-elf/10.2.0/pic/crti.o

.note.gnu.build-id
                0x0000000000012f10       0x24
 *(.note.gnu.build-id)
 .note.gnu.build-id
                0x0000000000012f10       0x24 c:/devkitpro/devkita64/bin/../lib/gcc/aarch64-none-elf/10.2.0/pic/crti.o
                0x0000000000013000                . = ALIGN (0x1000)
                0x0000000000013000                __data_start = .

.eh_frame
 *(.eh_frame)
 *(.eh_frame.*)

.gcc_except_table
 *(.gcc_except_table .gcc_except_table.*)

.gnu_extab
 *(.gnu_extab*)

.exception_ranges
 *(.exception_ranges .exception_ranges*)

.tdata          0x0000000000013000        0x0
                0x0000000000013000                __tdata_lma = .
 *(.tdata .tdata.* .gnu.linkonce.td.*)
                0x0000000000013000                . = ALIGN (0x8)
                0x0000000000013000                __tdata_lma_end = .

.tbss           0x0000000000013000      0x410
 *(.tbss .tbss.* .gnu.linkonce.tb.*)
 .tbss.fsdev_last_result
                0x0000000000013000        0x4 C:/devkitPro/libnx/lib\libnx.a(fs_dev.o)
 .tbss.g_fsPriority
                0x0000000000013004        0x4 C:/devkitPro/libnx/lib\libnx.a(fs.o)
 .tbss.__nx_dev_path_buf
                0x0000000000013008      0x401 C:/devkitPro/libnx/lib\libnx.a(path_buf.o)
                0x0000000000013008                __nx_dev_path_buf
 *(.tcommon)
                0x0000000000013410                . = ALIGN (0x8)
 *fill*         0x0000000000013409        0x7 

.preinit_array  0x0000000000013000        0x0
                0x0000000000013000                PROVIDE (__preinit_array_start = .)
 *(.preinit_array)
                0x0000000000013000                PROVIDE (__preinit_array_end = .)

.init_array     0x0000000000013000        0x8
                0x0000000000013000                PROVIDE (__init_array_start = .)
 *(SORT_BY_INIT_PRIORITY(.init_array.*) SORT_BY_INIT_PRIORITY(.ctors.*))
 *(.init_array .ctors)
 .init_array    0x0000000000013000        0x8 c:/devkitpro/devkita64/bin/../lib/gcc/aarch64-none-elf/10.2.0/pic/crtbegin.o
                0x0000000000013008                PROVIDE (__init_array_end = .)

.fini_array     0x0000000000013008        0x8
                0x0000000000013008                PROVIDE (__fini_array_start = .)
 *(SORT_BY_INIT_PRIORITY(.fini_array.*) SORT_BY_INIT_PRIORITY(.dtors.*))
 *(.fini_array .dtors)
 .fini_array    0x0000000000013008        0x8 c:/devkitpro/devkita64/bin/../lib/gcc/aarch64-none-elf/10.2.0/pic/crtbegin.o
                0x0000000000013010                PROVIDE (__fini_array_end = .)
                0x0000000000013010                __got_start__ = .

.got            0x0000000000013010      0x1b8
 *(.got)
 .got           0x0000000000013010      0x1b8 c:/devkitpro/devkita64/bin/../lib/gcc/aarch64-none-elf/10.2.0/pic/crti.o
                0x0000000000013010                _GLOBAL_OFFSET_TABLE_
 *(.igot)

.got.plt        0x00000000000131c8       0x20
 *(.got.plt)
 .got.plt       0x00000000000131c8       0x20 c:/devkitpro/devkita64/bin/../lib/gcc/aarch64-none-elf/10.2.0/pic/crti.o
 *(.igot.plt)
                0x00000000000131e8                __got_end__ = .

.data           0x00000000000131e8     0x1608
 *(.data .data.* .gnu.linkonce.d.*)
 .data.rel.ro   0x00000000000131e8        0x0 c:/devkitpro/devkita64/bin/../lib/gcc/aarch64-none-elf/10.2.0/pic/crti.o
 .data.__nx_exception_stack_size
                0x00000000000131e8        0x8 C:/devkitPro/libnx/lib\libnx.a(init.o)
                0x00000000000131e8                __nx_exception_stack_size
 .data.__nx_fsdev_direntry_cache_size
                0x00000000000131f0        0x4 C:/devkitPro/libnx/lib\libnx.a(fs_dev.o)
                0x00000000000131f0                __nx_fsdev_direntry_cache_size
 .data.__nx_fsdev_support_cwd
                0x00000000000131f4        0x1 C:/devkitPro/libnx/lib\libnx.a(fs_dev.o)
                0x00000000000131f4                __nx_fsdev_support_cwd
 *fill*         0x00000000000131f5        0x3 
 .data.rel.ro.local.fsdev_devoptab
                0x00000000000131f8       0xe0 C:/devkitPro/libnx/lib\libnx.a(fs_dev.o)
 .data.__nx_fs_num_sessions
                0x00000000000132d8        0x4 C:/devkitPro/libnx/lib\libnx.a(fs.o)
                0x00000000000132d8                __nx_fs_num_sessions
 .data.__nx_applet_auto_notifyrunning
                0x00000000000132dc        0x1 C:/devkitPro/libnx/lib\libnx.a(applet.o)
                0x00000000000132dc                __nx_applet_auto_notifyrunning
 *fill*         0x00000000000132dd        0x3 
 .data.__nx_applet_type
                0x00000000000132e0        0x4 C:/devkitPro/libnx/lib\libnx.a(applet.o)
                0x00000000000132e0                __nx_applet_type
 *fill*         0x00000000000132e4        0x4 
 .data.rel.local._impure_ptr
                0x00000000000132e8        0x8 c:/devkitpro/devkita64/bin/../lib/gcc/aarch64-none-elf/10.2.0/../../../../aarch64-none-elf/lib/pic\libg.a(lib_a-impure.o)
                0x00000000000132e8                _impure_ptr
 .data.rel.local.impure_data
                0x00000000000132f0      0x768 c:/devkitpro/devkita64/bin/../lib/gcc/aarch64-none-elf/10.2.0/../../../../aarch64-none-elf/lib/pic\libg.a(lib_a-impure.o)
 .data.rel.ro.local._global_impure_ptr
                0x0000000000013a58        0x8 c:/devkitpro/devkita64/bin/../lib/gcc/aarch64-none-elf/10.2.0/../../../../aarch64-none-elf/lib/pic\libg.a(lib_a-impure.o)
                0x0000000000013a58                _global_impure_ptr
 .data.__malloc_sbrk_base
                0x0000000000013a60        0x8 c:/devkitpro/devkita64/bin/../lib/gcc/aarch64-none-elf/10.2.0/../../../../aarch64-none-elf/lib/pic\libg.a(lib_a-mallocr.o)
                0x0000000000013a60                __malloc_sbrk_base
 .data.__malloc_trim_threshold
                0x0000000000013a68        0x8 c:/devkitpro/devkita64/bin/../lib/gcc/aarch64-none-elf/10.2.0/../../../../aarch64-none-elf/lib/pic\libg.a(lib_a-mallocr.o)
                0x0000000000013a68                __malloc_trim_threshold
 .data.rel.__malloc_av_
                0x0000000000013a70      0x810 c:/devkitpro/devkita64/bin/../lib/gcc/aarch64-none-elf/10.2.0/../../../../aarch64-none-elf/lib/pic\libg.a(lib_a-mallocr.o)
                0x0000000000013a70                __malloc_av_
 .data.rel.local.environ
                0x0000000000014280        0x8 c:/devkitpro/devkita64/bin/../lib/gcc/aarch64-none-elf/10.2.0/../../../../aarch64-none-elf/lib/pic\libg.a(lib_a-environ.o)
                0x0000000000014280                environ
 .data.defaultDevice
                0x0000000000014288        0x4 c:/devkitpro/devkita64/bin/../lib/gcc/aarch64-none-elf/10.2.0/../../../../aarch64-none-elf/lib/pic\libsysbase.a(iosupport.o)
 *fill*         0x000000000001428c        0x4 
 .data.rel.devoptab_list
                0x0000000000014290       0x80 c:/devkitpro/devkita64/bin/../lib/gcc/aarch64-none-elf/10.2.0/../../../../aarch64-none-elf/lib/pic\libsysbase.a(iosupport.o)
                0x0000000000014290                devoptab_list
 .data.rel.ro.local.dotab_stdnull
                0x0000000000014310       0xe0 c:/devkitpro/devkita64/bin/../lib/gcc/aarch64-none-elf/10.2.0/../../../../aarch64-none-elf/lib/pic\libsysbase.a(iosupport.o)
                0x0000000000014310                dotab_stdnull
 .data._current_working_directory
                0x00000000000143f0      0x400 c:/devkitpro/devkita64/bin/../lib/gcc/aarch64-none-elf/10.2.0/../../../../aarch64-none-elf/lib/pic\libsysbase.a(chdir.o)
                0x00000000000147f0                __bss_start__ = .

.bss            0x00000000000147f0     0x3bd0
 *(.dynbss)
 .dynbss        0x00000000000147f0        0x0 c:/devkitpro/devkita64/bin/../lib/gcc/aarch64-none-elf/10.2.0/pic/crti.o
 *(.bss .bss.* .gnu.linkonce.b.*)
 .bss.completed.1
                0x00000000000147f0        0x1 c:/devkitpro/devkita64/bin/../lib/gcc/aarch64-none-elf/10.2.0/pic/crtbegin.o
 *fill*         0x00000000000147f1        0x7 
 .bss.object.0  0x00000000000147f8       0x30 c:/devkitpro/devkita64/bin/../lib/gcc/aarch64-none-elf/10.2.0/pic/crtbegin.o
 .bss.__stack_top
                0x0000000000014828        0x8 C:/devkitPro/libnx/lib\libnx.a(switch_crt0.o)
                0x0000000000014828                __stack_top
 .bss.__nx_exception_ignoredebug
                0x0000000000014830        0x4 C:/devkitPro/libnx/lib\libnx.a(init.o)
                0x0000000000014830                __nx_exception_ignoredebug
 *fill*         0x0000000000014834        0xc 
 .bss.__nx_exception_stack
                0x0000000000014840      0x400 C:/devkitPro/libnx/lib\libnx.a(init.o)
                0x0000000000014840                __nx_exception_stack
 .bss.__nx_exceptiondump
                0x0000000000014c40      0x340 C:/devkitPro/libnx/lib\libnx.a(init.o)
                0x0000000000014c40                __nx_exceptiondump
 .bss.__nx_heap_size
                0x0000000000014f80        0x8 C:/devkitPro/libnx/lib\libnx.a(init.o)
                0x0000000000014f80                __nx_heap_size
 .bss.g_hasRandomSeed
                0x0000000000014f88        0x1 C:/devkitPro/libnx/lib\libnx.a(env.o)
 .bss.g_isNso   0x0000000000014f89        0x1 C:/devkitPro/libnx/lib\libnx.a(env.o)
 *fill*         0x0000000000014f8a        0x2 
 .bss.g_lastLoadResult
                0x0000000000014f8c        0x4 C:/devkitPro/libnx/lib\libnx.a(env.o)
 .bss.g_loaderInfo
                0x0000000000014f90        0x8 C:/devkitPro/libnx/lib\libnx.a(env.o)
 .bss.g_loaderInfoSize
                0x0000000000014f98        0x8 C:/devkitPro/libnx/lib\libnx.a(env.o)
 .bss.g_loaderRetAddr
                0x0000000000014fa0        0x8 C:/devkitPro/libnx/lib\libnx.a(env.o)
 .bss.g_mainThreadHandle
                0x0000000000014fa8        0x4 C:/devkitPro/libnx/lib\libnx.a(env.o)
 *fill*         0x0000000000014fac        0x4 
 .bss.g_nextLoadArgv
                0x0000000000014fb0        0x8 C:/devkitPro/libnx/lib\libnx.a(env.o)
 .bss.g_nextLoadPath
                0x0000000000014fb8        0x8 C:/devkitPro/libnx/lib\libnx.a(env.o)
 .bss.g_overrideArgv
                0x0000000000014fc0        0x8 C:/devkitPro/libnx/lib\libnx.a(env.o)
 .bss.g_overrideHeapAddr
                0x0000000000014fc8        0x8 C:/devkitPro/libnx/lib\libnx.a(env.o)
 .bss.g_overrideHeapSize
                0x0000000000014fd0        0x8 C:/devkitPro/libnx/lib\libnx.a(env.o)
 .bss.g_processHandle
                0x0000000000014fd8        0x4 C:/devkitPro/libnx/lib\libnx.a(env.o)
 *fill*         0x0000000000014fdc        0x4 
 .bss.g_randomSeed
                0x0000000000014fe0       0x10 C:/devkitPro/libnx/lib\libnx.a(env.o)
 .bss.g_syscallHints
                0x0000000000014ff0       0x10 C:/devkitPro/libnx/lib\libnx.a(env.o)
 .bss.g_userIdStorage
                0x0000000000015000        0x8 C:/devkitPro/libnx/lib\libnx.a(env.o)
 .bss.__bootticks
                0x0000000000015008        0x8 C:/devkitPro/libnx/lib\libnx.a(newlib.o)
 .bss.__boottime
                0x0000000000015010        0x8 C:/devkitPro/libnx/lib\libnx.a(newlib.o)
 .bss.__nx_time_type
                0x0000000000015018        0x4 C:/devkitPro/libnx/lib\libnx.a(newlib.o)
                0x0000000000015018                __nx_time_type
 .bss.__system_argc
                0x000000000001501c        0x4 C:/devkitPro/libnx/lib\libnx.a(argv.o)
                0x000000000001501c                __system_argc
 .bss.__system_argv
                0x0000000000015020        0x8 C:/devkitPro/libnx/lib\libnx.a(argv.o)
                0x0000000000015020                __system_argv
 .bss.g_argv_empty
                0x0000000000015028        0x8 C:/devkitPro/libnx/lib\libnx.a(argv.o)
 .bss.fsdev_fsdevice_cwd
                0x0000000000015030        0x4 C:/devkitPro/libnx/lib\libnx.a(fs_dev.o)
 *fill*         0x0000000000015034        0x4 
 .bss.fsdev_fsdevices
                0x0000000000015038     0x2400 C:/devkitPro/libnx/lib\libnx.a(fs_dev.o)
 .bss.fsdev_initialised
                0x0000000000017438        0x1 C:/devkitPro/libnx/lib\libnx.a(fs_dev.o)
 *fill*         0x0000000000017439        0x7 
 .bss.g_AliasRegion
                0x0000000000017440       0x10 C:/devkitPro/libnx/lib\libnx.a(virtmem.o)
 .bss.g_AslrRegion
                0x0000000000017450       0x10 C:/devkitPro/libnx/lib\libnx.a(virtmem.o)
 .bss.g_HeapRegion
                0x0000000000017460       0x10 C:/devkitPro/libnx/lib\libnx.a(virtmem.o)
 .bss.g_IsLegacyKernel
                0x0000000000017470        0x1 C:/devkitPro/libnx/lib\libnx.a(virtmem.o)
 *fill*         0x0000000000017471        0x7 
 .bss.g_Reservations
                0x0000000000017478        0x8 C:/devkitPro/libnx/lib\libnx.a(virtmem.o)
 .bss.g_StackRegion
                0x0000000000017480       0x10 C:/devkitPro/libnx/lib\libnx.a(virtmem.o)
 .bss.g_VirtmemMutex
                0x0000000000017490        0x4 C:/devkitPro/libnx/lib\libnx.a(virtmem.o)
 *fill*         0x0000000000017494        0x4 
 .bss.g_chacha  0x0000000000017498       0x40 C:/devkitPro/libnx/lib\libnx.a(random.o)
 .bss.g_randInit
                0x00000000000174d8        0x1 C:/devkitPro/libnx/lib\libnx.a(random.o)
 *fill*         0x00000000000174d9        0x3 
 .bss.g_randMutex
                0x00000000000174dc        0x4 C:/devkitPro/libnx/lib\libnx.a(random.o)
 .bss.g_mainThread
                0x00000000000174e0       0x38 C:/devkitPro/libnx/lib\libnx.a(thread.o)
 .bss.g_threadList
                0x0000000000017518        0x8 C:/devkitPro/libnx/lib\libnx.a(thread.o)
 .bss.g_threadMutex
                0x0000000000017520        0x4 C:/devkitPro/libnx/lib\libnx.a(thread.o)
 *fill*         0x0000000000017524        0x4 
 .bss.g_setsysGuard
                0x0000000000017528        0x8 C:/devkitPro/libnx/lib\libnx.a(set.o)
 .bss.g_setsysSrv
                0x0000000000017530       0x10 C:/devkitPro/libnx/lib\libnx.a(set.o)
 .bss.g_smGuard
                0x0000000000017540        0x8 C:/devkitPro/libnx/lib\libnx.a(sm.o)
 .bss.g_smOverrides
                0x0000000000017548      0x180 C:/devkitPro/libnx/lib\libnx.a(sm.o)
 .bss.g_smOverridesNum
                0x00000000000176c8        0x8 C:/devkitPro/libnx/lib\libnx.a(sm.o)
 .bss.g_smSrv   0x00000000000176d0       0x10 C:/devkitPro/libnx/lib\libnx.a(sm.o)
 .bss.g_fsGuard
                0x00000000000176e0        0x8 C:/devkitPro/libnx/lib\libnx.a(fs.o)
 .bss.g_fsSessionMgr
                0x00000000000176e8       0x54 C:/devkitPro/libnx/lib\libnx.a(fs.o)
 *fill*         0x000000000001773c        0x4 
 .bss.g_fsSrv   0x0000000000017740       0x10 C:/devkitPro/libnx/lib\libnx.a(fs.o)
 .bss.__nx_applet_AppletAttribute
                0x0000000000017750       0x80 C:/devkitPro/libnx/lib\libnx.a(applet.o)
                0x0000000000017750                __nx_applet_AppletAttribute
 .bss.__nx_applet_PerformanceConfiguration
                0x00000000000177d0        0x8 C:/devkitPro/libnx/lib\libnx.a(applet.o)
                0x00000000000177d0                __nx_applet_PerformanceConfiguration
 .bss.__nx_applet_exit_mode
                0x00000000000177d8        0x4 C:/devkitPro/libnx/lib\libnx.a(applet.o)
                0x00000000000177d8                __nx_applet_exit_mode
 .bss.g_appletCopyrightInitialized
                0x00000000000177dc        0x1 C:/devkitPro/libnx/lib\libnx.a(applet.o)
 *fill*         0x00000000000177dd        0x3 
 .bss.g_appletCopyrightTmem
                0x00000000000177e0       0x28 C:/devkitPro/libnx/lib\libnx.a(applet.o)
 .bss.g_appletCpuBoostMode
                0x0000000000017808        0x4 C:/devkitPro/libnx/lib\libnx.a(applet.o)
 .bss.g_appletExitProcessFlag
                0x000000000001780c        0x1 C:/devkitPro/libnx/lib\libnx.a(applet.o)
 *fill*         0x000000000001780d        0x3 
 .bss.g_appletExitProcessResult
                0x0000000000017810        0x4 C:/devkitPro/libnx/lib\libnx.a(applet.o)
 .bss.g_appletFocusState
                0x0000000000017814        0x1 C:/devkitPro/libnx/lib\libnx.a(applet.o)
 *fill*         0x0000000000017815        0x3 
 .bss.g_appletGuard
                0x0000000000017818        0x8 C:/devkitPro/libnx/lib\libnx.a(applet.o)
 .bss.g_appletIAppletCommonFunctions
                0x0000000000017820       0x10 C:/devkitPro/libnx/lib\libnx.a(applet.o)
 .bss.g_appletIApplicationCreator
                0x0000000000017830       0x10 C:/devkitPro/libnx/lib\libnx.a(applet.o)
 .bss.g_appletIAudioController
                0x0000000000017840       0x10 C:/devkitPro/libnx/lib\libnx.a(applet.o)
 .bss.g_appletICommonStateGetter
                0x0000000000017850       0x10 C:/devkitPro/libnx/lib\libnx.a(applet.o)
 .bss.g_appletIDebugFunctions
                0x0000000000017860       0x10 C:/devkitPro/libnx/lib\libnx.a(applet.o)
 .bss.g_appletIDisplayController
                0x0000000000017870       0x10 C:/devkitPro/libnx/lib\libnx.a(applet.o)
 .bss.g_appletIFunctions
                0x0000000000017880       0x10 C:/devkitPro/libnx/lib\libnx.a(applet.o)
 .bss.g_appletIGlobalStateController
                0x0000000000017890       0x10 C:/devkitPro/libnx/lib\libnx.a(applet.o)
 .bss.g_appletILibraryAppletCreator
                0x00000000000178a0       0x10 C:/devkitPro/libnx/lib\libnx.a(applet.o)
 .bss.g_appletILibraryAppletSelfAccessor
                0x00000000000178b0       0x10 C:/devkitPro/libnx/lib\libnx.a(applet.o)
 .bss.g_appletIProcessWindingController
                0x00000000000178c0       0x10 C:/devkitPro/libnx/lib\libnx.a(applet.o)
 .bss.g_appletISelfController
                0x00000000000178d0       0x10 C:/devkitPro/libnx/lib\libnx.a(applet.o)
 .bss.g_appletIWindowController
                0x00000000000178e0       0x10 C:/devkitPro/libnx/lib\libnx.a(applet.o)
 .bss.g_appletInfo
                0x00000000000178f0       0x50 C:/devkitPro/libnx/lib\libnx.a(applet.o)
 .bss.g_appletInfoInitialized
                0x0000000000017940        0x1 C:/devkitPro/libnx/lib\libnx.a(applet.o)
 *fill*         0x0000000000017941        0x7 
 .bss.g_appletInitTickBase
                0x0000000000017948        0x8 C:/devkitPro/libnx/lib\libnx.a(applet.o)
 .bss.g_appletLeftInitialized
                0x0000000000017950        0x1 C:/devkitPro/libnx/lib\libnx.a(applet.o)
 *fill*         0x0000000000017951        0x7 
 .bss.g_appletLibraryAppletLaunchableEvent
                0x0000000000017958        0xc C:/devkitPro/libnx/lib\libnx.a(applet.o)
 *fill*         0x0000000000017964        0x4 
 .bss.g_appletMessageEvent
                0x0000000000017968        0xc C:/devkitPro/libnx/lib\libnx.a(applet.o)
 .bss.g_appletNotifiedRunning
                0x0000000000017974        0x1 C:/devkitPro/libnx/lib\libnx.a(applet.o)
 .bss.g_appletOperationMode
                0x0000000000017975        0x1 C:/devkitPro/libnx/lib\libnx.a(applet.o)
 *fill*         0x0000000000017976        0x2 
 .bss.g_appletPerformanceMode
                0x0000000000017978        0x4 C:/devkitPro/libnx/lib\libnx.a(applet.o)
 *fill*         0x000000000001797c        0x4 
 .bss.g_appletProxySession
                0x0000000000017980       0x10 C:/devkitPro/libnx/lib\libnx.a(applet.o)
 .bss.g_appletRecordingInitialized
                0x0000000000017990        0x4 C:/devkitPro/libnx/lib\libnx.a(applet.o)
 *fill*         0x0000000000017994        0x4 
 .bss.g_appletRecordingTmem
                0x0000000000017998       0x28 C:/devkitPro/libnx/lib\libnx.a(applet.o)
 .bss.g_appletResourceUserId
                0x00000000000179c0        0x8 C:/devkitPro/libnx/lib\libnx.a(applet.o)
 .bss.g_appletSrv
                0x00000000000179c8       0x10 C:/devkitPro/libnx/lib\libnx.a(applet.o)
 .bss.g_appletSuspendedTick
                0x00000000000179d8        0x8 C:/devkitPro/libnx/lib\libnx.a(applet.o)
 .bss.g_appletSuspendedTickEvent
                0x00000000000179e0        0xc C:/devkitPro/libnx/lib\libnx.a(applet.o)
 .bss.g_appletSuspendedTickInitialized
                0x00000000000179ec        0x1 C:/devkitPro/libnx/lib\libnx.a(applet.o)
 *fill*         0x00000000000179ed        0x3 
 .bss.__nx_time_service_type
                0x00000000000179f0        0x4 C:/devkitPro/libnx/lib\libnx.a(time.o)
                0x00000000000179f0                __nx_time_service_type
 *fill*         0x00000000000179f4        0x4 
 .bss.g_timeGuard
                0x00000000000179f8        0x8 C:/devkitPro/libnx/lib\libnx.a(time.o)
 .bss.g_timeLocalSystemClock
                0x0000000000017a00       0x10 C:/devkitPro/libnx/lib\libnx.a(time.o)
 .bss.g_timeNetworkSystemClock
                0x0000000000017a10       0x10 C:/devkitPro/libnx/lib\libnx.a(time.o)
 .bss.g_timeSharedmem
                0x0000000000017a20       0x20 C:/devkitPro/libnx/lib\libnx.a(time.o)
 .bss.g_timeSrv
                0x0000000000017a40       0x10 C:/devkitPro/libnx/lib\libnx.a(time.o)
 .bss.g_timeSteadyClock
                0x0000000000017a50       0x10 C:/devkitPro/libnx/lib\libnx.a(time.o)
 .bss.g_timeTimeZoneService
                0x0000000000017a60       0x10 C:/devkitPro/libnx/lib\libnx.a(time.o)
 .bss.g_timeUserSystemClock
                0x0000000000017a70       0x10 C:/devkitPro/libnx/lib\libnx.a(time.o)
 .bss.g_hidGuard
                0x0000000000017a80        0x8 C:/devkitPro/libnx/lib\libnx.a(hid.o)
 .bss.g_hidIActiveVibrationDeviceList
                0x0000000000017a88       0x10 C:/devkitPro/libnx/lib\libnx.a(hid.o)
 .bss.g_hidIAppletResource